17:57:24 **** Clean-only build of configuration Debug for project stm32f4xx_drivers ****
make -j16 clean 
rm -rf *
 
17:57:25 **** Incremental Build of configuration Debug for project stm32f4xx_drivers ****
make -j16 all 
Building file: ../startup/startup_stm32.s
Building file: ../startup/sysmem.c
Building file: ../src/02_Led_BTN_Toggle.c
Invoking: MCU GCC Assembler
Building file: ../Drivers/src/stm32f407xx_GPIO_driver.c
Invoking: MCU GCC Compiler
Invoking: MCU GCC Compiler
C:\Users\Abdel\OneDrive\Documents\eclipseWorkspace\Drivers\stm32f4xx_drivers\Debug
Invoking: MCU GCC Compiler
C:\Users\Abdel\OneDrive\Documents\eclipseWorkspace\Drivers\stm32f4xx_drivers\Debug
arm-none-eabi-as -mcpu=cortex-m4 -mthumb -mfloat-abi=hard -mfpu=fpv4-sp-d16 -g -o "startup/startup_stm32.o" "../startup/startup_stm32.s"
C:\Users\Abdel\OneDrive\Documents\eclipseWorkspace\Drivers\stm32f4xx_drivers\Debug
Building file: ../Drivers/src/stm32f407xx_I2C_driver.c
arm-none-eabi-gcc -mcpu=cortex-m4 -mthumb -mfloat-abi=hard -mfpu=fpv4-sp-d16 -DSTM32 -DSTM32F4 -DSTM32F407VGTx -DSTM32F407G_DISC1 -DDEBUG -I"C:/Users/Abdel/OneDrive/Documents/eclipseWorkspace/Drivers/stm32f4xx_drivers/Drivers/inc" -O0 -g3 -Wall -fmessage-length=0 -ffunction-sections -c -MMD -MP -MF"startup/sysmem.d" -MT"startup/sysmem.o" -o "startup/sysmem.o" "../startup/sysmem.c"
arm-none-eabi-gcc -mcpu=cortex-m4 -mthumb -mfloat-abi=hard -mfpu=fpv4-sp-d16 -DSTM32 -DSTM32F4 -DSTM32F407VGTx -DSTM32F407G_DISC1 -DDEBUG -I"C:/Users/Abdel/OneDrive/Documents/eclipseWorkspace/Drivers/stm32f4xx_drivers/Drivers/inc" -O0 -g3 -Wall -fmessage-length=0 -ffunction-sections -c -MMD -MP -MF"src/02_Led_BTN_Toggle.d" -MT"src/02_Led_BTN_Toggle.o" -o "src/02_Led_BTN_Toggle.o" "../src/02_Led_BTN_Toggle.c"
C:\Users\Abdel\OneDrive\Documents\eclipseWorkspace\Drivers\stm32f4xx_drivers\Debug
arm-none-eabi-gcc -mcpu=cortex-m4 -mthumb -mfloat-abi=hard -mfpu=fpv4-sp-d16 -DSTM32 -DSTM32F4 -DSTM32F407VGTx -DSTM32F407G_DISC1 -DDEBUG -I"C:/Users/Abdel/OneDrive/Documents/eclipseWorkspace/Drivers/stm32f4xx_drivers/Drivers/inc" -O0 -g3 -Wall -fmessage-length=0 -ffunction-sections -c -MMD -MP -MF"Drivers/src/stm32f407xx_GPIO_driver.d" -MT"Drivers/src/stm32f407xx_GPIO_driver.o" -o "Drivers/src/stm32f407xx_GPIO_driver.o" "../Drivers/src/stm32f407xx_GPIO_driver.c"
Invoking: MCU GCC Compiler
Building file: ../Drivers/src/stm32f407xx_SPI_driver.c
Building file: ../Drivers/src/stm32f407xx_USART_driver.c
C:\Users\Abdel\OneDrive\Documents\eclipseWorkspace\Drivers\stm32f4xx_drivers\Debug
arm-none-eabi-gcc -mcpu=cortex-m4 -mthumb -mfloat-abi=hard -mfpu=fpv4-sp-d16 -DSTM32 -DSTM32F4 -DSTM32F407VGTx -DSTM32F407G_DISC1 -DDEBUG -I"C:/Users/Abdel/OneDrive/Documents/eclipseWorkspace/Drivers/stm32f4xx_drivers/Drivers/inc" -O0 -g3 -Wall -fmessage-length=0 -ffunction-sections -c -MMD -MP -MF"Drivers/src/stm32f407xx_I2C_driver.d" -MT"Drivers/src/stm32f407xx_I2C_driver.o" -o "Drivers/src/stm32f407xx_I2C_driver.o" "../Drivers/src/stm32f407xx_I2C_driver.c"
Invoking: MCU GCC Compiler
Invoking: MCU GCC Compiler
C:\Users\Abdel\OneDrive\Documents\eclipseWorkspace\Drivers\stm32f4xx_drivers\Debug
arm-none-eabi-gcc -mcpu=cortex-m4 -mthumb -mfloat-abi=hard -mfpu=fpv4-sp-d16 -DSTM32 -DSTM32F4 -DSTM32F407VGTx -DSTM32F407G_DISC1 -DDEBUG -I"C:/Users/Abdel/OneDrive/Documents/eclipseWorkspace/Drivers/stm32f4xx_drivers/Drivers/inc" -O0 -g3 -Wall -fmessage-length=0 -ffunction-sections -c -MMD -MP -MF"Drivers/src/stm32f407xx_SPI_driver.d" -MT"Drivers/src/stm32f407xx_SPI_driver.o" -o "Drivers/src/stm32f407xx_SPI_driver.o" "../Drivers/src/stm32f407xx_SPI_driver.c"
C:\Users\Abdel\OneDrive\Documents\eclipseWorkspace\Drivers\stm32f4xx_drivers\Debug
arm-none-eabi-gcc -mcpu=cortex-m4 -mthumb -mfloat-abi=hard -mfpu=fpv4-sp-d16 -DSTM32 -DSTM32F4 -DSTM32F407VGTx -DSTM32F407G_DISC1 -DDEBUG -I"C:/Users/Abdel/OneDrive/Documents/eclipseWorkspace/Drivers/stm32f4xx_drivers/Drivers/inc" -O0 -g3 -Wall -fmessage-length=0 -ffunction-sections -c -MMD -MP -MF"Drivers/src/stm32f407xx_USART_driver.d" -MT"Drivers/src/stm32f407xx_USART_driver.o" -o "Drivers/src/stm32f407xx_USART_driver.o" "../Drivers/src/stm32f407xx_USART_driver.c"
Finished building: ../startup/startup_stm32.s
 
Finished building: ../Drivers/src/stm32f407xx_SPI_driver.c
Finished building: ../startup/sysmem.c
Finished building: ../src/02_Led_BTN_Toggle.c
Finished building: ../Drivers/src/stm32f407xx_GPIO_driver.c
Finished building: ../Drivers/src/stm32f407xx_I2C_driver.c
Finished building: ../Drivers/src/stm32f407xx_USART_driver.c
 
 
 
 
 
 
Building target: stm32f4xx_drivers.elf
Invoking: MCU GCC Linker
arm-none-eabi-gcc -mcpu=cortex-m4 -mthumb -mfloat-abi=hard -mfpu=fpv4-sp-d16 -T"C:/Users/Abdel/OneDrive/Documents/eclipseWorkspace/Drivers/stm32f4xx_drivers/LinkerScript.ld" -Wl,-Map=output.map -Wl,--gc-sections -o "stm32f4xx_drivers.elf" @"objects.list"   -lm
Finished building target: stm32f4xx_drivers.elf
 
make --no-print-directory post-build
Generating binary and Printing size information:
arm-none-eabi-objcopy -O binary "stm32f4xx_drivers.elf" "stm32f4xx_drivers.bin"
arm-none-eabi-size "stm32f4xx_drivers.elf"
   text	   data	    bss	    dec	    hex	filename
   2524	   1080	   1092	   4696	   1258	stm32f4xx_drivers.elf
 
17:57:39 **** Programming project stm32f4xx_drivers on chip ****
"C:\\Ac6\\SystemWorkbench\\plugins\\fr.ac6.mcu.externaltools.openocd.win32_1.23.0.201904120827\\tools\\openocd\\bin\\openocd.exe" -f stm32.flash.3060011056271324337.cfg -s "C:\\Users\\Abdel\\OneDrive\\Documents\\eclipseWorkspace\\Drivers\\stm32f4xx_drivers" -s "C:\\Ac6\\SystemWorkbench\\plugins\\fr.ac6.mcu.debug_2.5.0.201904120827\\resources\\openocd\\st_scripts" -c "program Debug/stm32f4xx_drivers.elf verify reset " -c shutdown 
Open On-Chip Debugger 0.10.0+dev-00021-g524e8c8 (2019-04-12-08:48)
Licensed under GNU GPL v2
For bug reports, read
	http://openocd.org/doc/doxygen/bugs.html
srst_only separate srst_nogate srst_open_drain connect_assert_srst
Info : The selected transport took over low-level target control. The results might differ compared to plain JTAG/SWD
adapter speed: 8000 kHz
adapter_nsrst_delay: 100
Info : clock speed 8000 kHz
Info : STLINK v2.1 JTAG v38 API v2 M27 VID 0x0483 PID 0x374B
Info : using stlink api v2
Info : Target voltage: 2.903844
Info : Unable to match requested speed 8000 kHz, using 4000 kHz
Info : Stlink adapter speed set to 4000 kHz
Info : STM32F407VGTx.cpu: hardware has 6 breakpoints, 4 watchpoints
Info : Listening on port 3333 for gdb connections
target halted due to debug-request, current mode: Thread 
xPSR: 0x01000000 pc: 0x08001330 msp: 0x20020000
configuring PLL
Info : Unable to match requested speed 8000 kHz, using 4000 kHz
Info : Stlink adapter speed set to 4000 kHz
Info : Unable to match requested speed 8000 kHz, using 4000 kHz
adapter speed: 4000 kHz
** Programming Started **
auto erase enabled
Info : device id = 0x10076413
Info : flash size = 1024kbytes
target halted due to breakpoint, current mode: Thread 
xPSR: 0x61000000 pc: 0x20000046 msp: 0x20020000
wrote 16384 bytes from file Debug/stm32f4xx_drivers.elf in 0.619692s (25.819 KiB/s)
** Programming Finished **
** Verify Started **
target halted due to breakpoint, current mode: Thread 
xPSR: 0x61000000 pc: 0x2000002e msp: 0x20020000
target halted due to breakpoint, current mode: Thread 
xPSR: 0x61000000 pc: 0x2000002e msp: 0x20020000
verified 3604 bytes in 0.107026s (32.885 KiB/s)
** Verified OK **
** Resetting Target **
shutdown command invoked
17:57:55 **** Incremental Build of configuration Debug for project stm32f4xx_drivers ****
make -j16 all 
make: Nothing to be done for 'all'.
