Archive member included to satisfy reference by file (symbol)

c:/ac6/systemworkbench/plugins/fr.ac6.mcu.externaltools.arm-none.win32_1.17.0.201812190825/tools/compiler/bin/../lib/gcc/arm-none-eabi/7.3.1/../../../../arm-none-eabi/lib/thumb/v7e-m/fpv4-sp/hard\libc.a(lib_a-errno.o)
                              startup/sysmem.o (__errno)
c:/ac6/systemworkbench/plugins/fr.ac6.mcu.externaltools.arm-none.win32_1.17.0.201812190825/tools/compiler/bin/../lib/gcc/arm-none-eabi/7.3.1/../../../../arm-none-eabi/lib/thumb/v7e-m/fpv4-sp/hard\libc.a(lib_a-exit.o)
                              c:/ac6/systemworkbench/plugins/fr.ac6.mcu.externaltools.arm-none.win32_1.17.0.201812190825/tools/compiler/bin/../lib/gcc/arm-none-eabi/7.3.1/../../../../arm-none-eabi/lib/thumb/v7e-m/fpv4-sp/hard/crt0.o (exit)
c:/ac6/systemworkbench/plugins/fr.ac6.mcu.externaltools.arm-none.win32_1.17.0.201812190825/tools/compiler/bin/../lib/gcc/arm-none-eabi/7.3.1/../../../../arm-none-eabi/lib/thumb/v7e-m/fpv4-sp/hard\libc.a(lib_a-impure.o)
                              c:/ac6/systemworkbench/plugins/fr.ac6.mcu.externaltools.arm-none.win32_1.17.0.201812190825/tools/compiler/bin/../lib/gcc/arm-none-eabi/7.3.1/../../../../arm-none-eabi/lib/thumb/v7e-m/fpv4-sp/hard\libc.a(lib_a-exit.o) (_global_impure_ptr)
c:/ac6/systemworkbench/plugins/fr.ac6.mcu.externaltools.arm-none.win32_1.17.0.201812190825/tools/compiler/bin/../lib/gcc/arm-none-eabi/7.3.1/../../../../arm-none-eabi/lib/thumb/v7e-m/fpv4-sp/hard\libc.a(lib_a-init.o)
                              c:/ac6/systemworkbench/plugins/fr.ac6.mcu.externaltools.arm-none.win32_1.17.0.201812190825/tools/compiler/bin/../lib/gcc/arm-none-eabi/7.3.1/../../../../arm-none-eabi/lib/thumb/v7e-m/fpv4-sp/hard/crt0.o (__libc_init_array)
c:/ac6/systemworkbench/plugins/fr.ac6.mcu.externaltools.arm-none.win32_1.17.0.201812190825/tools/compiler/bin/../lib/gcc/arm-none-eabi/7.3.1/../../../../arm-none-eabi/lib/thumb/v7e-m/fpv4-sp/hard\libc.a(lib_a-memset.o)
                              c:/ac6/systemworkbench/plugins/fr.ac6.mcu.externaltools.arm-none.win32_1.17.0.201812190825/tools/compiler/bin/../lib/gcc/arm-none-eabi/7.3.1/../../../../arm-none-eabi/lib/thumb/v7e-m/fpv4-sp/hard/crt0.o (memset)
c:/ac6/systemworkbench/plugins/fr.ac6.mcu.externaltools.arm-none.win32_1.17.0.201812190825/tools/compiler/bin/../lib/gcc/arm-none-eabi/7.3.1/../../../../arm-none-eabi/lib/thumb/v7e-m/fpv4-sp/hard\libc.a(lib_a-__call_atexit.o)
                              c:/ac6/systemworkbench/plugins/fr.ac6.mcu.externaltools.arm-none.win32_1.17.0.201812190825/tools/compiler/bin/../lib/gcc/arm-none-eabi/7.3.1/../../../../arm-none-eabi/lib/thumb/v7e-m/fpv4-sp/hard\libc.a(lib_a-exit.o) (__call_exitprocs)
c:/ac6/systemworkbench/plugins/fr.ac6.mcu.externaltools.arm-none.win32_1.17.0.201812190825/tools/compiler/bin/../lib/gcc/arm-none-eabi/7.3.1/../../../../arm-none-eabi/lib/thumb/v7e-m/fpv4-sp/hard\libc.a(lib_a-atexit.o)
                              c:/ac6/systemworkbench/plugins/fr.ac6.mcu.externaltools.arm-none.win32_1.17.0.201812190825/tools/compiler/bin/../lib/gcc/arm-none-eabi/7.3.1/../../../../arm-none-eabi/lib/thumb/v7e-m/fpv4-sp/hard\libc.a(lib_a-__call_atexit.o) (atexit)
c:/ac6/systemworkbench/plugins/fr.ac6.mcu.externaltools.arm-none.win32_1.17.0.201812190825/tools/compiler/bin/../lib/gcc/arm-none-eabi/7.3.1/../../../../arm-none-eabi/lib/thumb/v7e-m/fpv4-sp/hard\libc.a(lib_a-fini.o)
                              c:/ac6/systemworkbench/plugins/fr.ac6.mcu.externaltools.arm-none.win32_1.17.0.201812190825/tools/compiler/bin/../lib/gcc/arm-none-eabi/7.3.1/../../../../arm-none-eabi/lib/thumb/v7e-m/fpv4-sp/hard\libc.a(lib_a-__call_atexit.o) (__libc_fini_array)
c:/ac6/systemworkbench/plugins/fr.ac6.mcu.externaltools.arm-none.win32_1.17.0.201812190825/tools/compiler/bin/../lib/gcc/arm-none-eabi/7.3.1/../../../../arm-none-eabi/lib/thumb/v7e-m/fpv4-sp/hard\libc.a(lib_a-lock.o)
                              c:/ac6/systemworkbench/plugins/fr.ac6.mcu.externaltools.arm-none.win32_1.17.0.201812190825/tools/compiler/bin/../lib/gcc/arm-none-eabi/7.3.1/../../../../arm-none-eabi/lib/thumb/v7e-m/fpv4-sp/hard\libc.a(lib_a-__call_atexit.o) (__retarget_lock_acquire_recursive)
c:/ac6/systemworkbench/plugins/fr.ac6.mcu.externaltools.arm-none.win32_1.17.0.201812190825/tools/compiler/bin/../lib/gcc/arm-none-eabi/7.3.1/../../../../arm-none-eabi/lib/thumb/v7e-m/fpv4-sp/hard\libc.a(lib_a-__atexit.o)
                              c:/ac6/systemworkbench/plugins/fr.ac6.mcu.externaltools.arm-none.win32_1.17.0.201812190825/tools/compiler/bin/../lib/gcc/arm-none-eabi/7.3.1/../../../../arm-none-eabi/lib/thumb/v7e-m/fpv4-sp/hard\libc.a(lib_a-atexit.o) (__register_exitproc)

Allocating common symbols
Common symbol       size              file

__lock___atexit_recursive_mutex
                    0x1               c:/ac6/systemworkbench/plugins/fr.ac6.mcu.externaltools.arm-none.win32_1.17.0.201812190825/tools/compiler/bin/../lib/gcc/arm-none-eabi/7.3.1/../../../../arm-none-eabi/lib/thumb/v7e-m/fpv4-sp/hard\libc.a(lib_a-lock.o)
__lock___arc4random_mutex
                    0x1               c:/ac6/systemworkbench/plugins/fr.ac6.mcu.externaltools.arm-none.win32_1.17.0.201812190825/tools/compiler/bin/../lib/gcc/arm-none-eabi/7.3.1/../../../../arm-none-eabi/lib/thumb/v7e-m/fpv4-sp/hard\libc.a(lib_a-lock.o)
__lock___env_recursive_mutex
                    0x1               c:/ac6/systemworkbench/plugins/fr.ac6.mcu.externaltools.arm-none.win32_1.17.0.201812190825/tools/compiler/bin/../lib/gcc/arm-none-eabi/7.3.1/../../../../arm-none-eabi/lib/thumb/v7e-m/fpv4-sp/hard\libc.a(lib_a-lock.o)
__lock___sinit_recursive_mutex
                    0x1               c:/ac6/systemworkbench/plugins/fr.ac6.mcu.externaltools.arm-none.win32_1.17.0.201812190825/tools/compiler/bin/../lib/gcc/arm-none-eabi/7.3.1/../../../../arm-none-eabi/lib/thumb/v7e-m/fpv4-sp/hard\libc.a(lib_a-lock.o)
__lock___malloc_recursive_mutex
                    0x1               c:/ac6/systemworkbench/plugins/fr.ac6.mcu.externaltools.arm-none.win32_1.17.0.201812190825/tools/compiler/bin/../lib/gcc/arm-none-eabi/7.3.1/../../../../arm-none-eabi/lib/thumb/v7e-m/fpv4-sp/hard\libc.a(lib_a-lock.o)
__lock___at_quick_exit_mutex
                    0x1               c:/ac6/systemworkbench/plugins/fr.ac6.mcu.externaltools.arm-none.win32_1.17.0.201812190825/tools/compiler/bin/../lib/gcc/arm-none-eabi/7.3.1/../../../../arm-none-eabi/lib/thumb/v7e-m/fpv4-sp/hard\libc.a(lib_a-lock.o)
__lock___dd_hash_mutex
                    0x1               c:/ac6/systemworkbench/plugins/fr.ac6.mcu.externaltools.arm-none.win32_1.17.0.201812190825/tools/compiler/bin/../lib/gcc/arm-none-eabi/7.3.1/../../../../arm-none-eabi/lib/thumb/v7e-m/fpv4-sp/hard\libc.a(lib_a-lock.o)
__lock___tz_mutex   0x1               c:/ac6/systemworkbench/plugins/fr.ac6.mcu.externaltools.arm-none.win32_1.17.0.201812190825/tools/compiler/bin/../lib/gcc/arm-none-eabi/7.3.1/../../../../arm-none-eabi/lib/thumb/v7e-m/fpv4-sp/hard\libc.a(lib_a-lock.o)
__lock___sfp_recursive_mutex
                    0x1               c:/ac6/systemworkbench/plugins/fr.ac6.mcu.externaltools.arm-none.win32_1.17.0.201812190825/tools/compiler/bin/../lib/gcc/arm-none-eabi/7.3.1/../../../../arm-none-eabi/lib/thumb/v7e-m/fpv4-sp/hard\libc.a(lib_a-lock.o)

Discarded input sections

 .text          0x00000000        0x0 c:/ac6/systemworkbench/plugins/fr.ac6.mcu.externaltools.arm-none.win32_1.17.0.201812190825/tools/compiler/bin/../lib/gcc/arm-none-eabi/7.3.1/thumb/v7e-m/fpv4-sp/hard/crti.o
 .data          0x00000000        0x0 c:/ac6/systemworkbench/plugins/fr.ac6.mcu.externaltools.arm-none.win32_1.17.0.201812190825/tools/compiler/bin/../lib/gcc/arm-none-eabi/7.3.1/thumb/v7e-m/fpv4-sp/hard/crti.o
 .bss           0x00000000        0x0 c:/ac6/systemworkbench/plugins/fr.ac6.mcu.externaltools.arm-none.win32_1.17.0.201812190825/tools/compiler/bin/../lib/gcc/arm-none-eabi/7.3.1/thumb/v7e-m/fpv4-sp/hard/crti.o
 .data          0x00000000        0x4 c:/ac6/systemworkbench/plugins/fr.ac6.mcu.externaltools.arm-none.win32_1.17.0.201812190825/tools/compiler/bin/../lib/gcc/arm-none-eabi/7.3.1/thumb/v7e-m/fpv4-sp/hard/crtbegin.o
 .text          0x00000000       0x74 c:/ac6/systemworkbench/plugins/fr.ac6.mcu.externaltools.arm-none.win32_1.17.0.201812190825/tools/compiler/bin/../lib/gcc/arm-none-eabi/7.3.1/../../../../arm-none-eabi/lib/thumb/v7e-m/fpv4-sp/hard/crt0.o
 .data          0x00000000        0x0 c:/ac6/systemworkbench/plugins/fr.ac6.mcu.externaltools.arm-none.win32_1.17.0.201812190825/tools/compiler/bin/../lib/gcc/arm-none-eabi/7.3.1/../../../../arm-none-eabi/lib/thumb/v7e-m/fpv4-sp/hard/crt0.o
 .bss           0x00000000        0x0 c:/ac6/systemworkbench/plugins/fr.ac6.mcu.externaltools.arm-none.win32_1.17.0.201812190825/tools/compiler/bin/../lib/gcc/arm-none-eabi/7.3.1/../../../../arm-none-eabi/lib/thumb/v7e-m/fpv4-sp/hard/crt0.o
 .ARM.extab     0x00000000        0x0 c:/ac6/systemworkbench/plugins/fr.ac6.mcu.externaltools.arm-none.win32_1.17.0.201812190825/tools/compiler/bin/../lib/gcc/arm-none-eabi/7.3.1/../../../../arm-none-eabi/lib/thumb/v7e-m/fpv4-sp/hard/crt0.o
 .ARM.exidx     0x00000000        0x8 c:/ac6/systemworkbench/plugins/fr.ac6.mcu.externaltools.arm-none.win32_1.17.0.201812190825/tools/compiler/bin/../lib/gcc/arm-none-eabi/7.3.1/../../../../arm-none-eabi/lib/thumb/v7e-m/fpv4-sp/hard/crt0.o
 .ARM.attributes
                0x00000000       0x20 c:/ac6/systemworkbench/plugins/fr.ac6.mcu.externaltools.arm-none.win32_1.17.0.201812190825/tools/compiler/bin/../lib/gcc/arm-none-eabi/7.3.1/../../../../arm-none-eabi/lib/thumb/v7e-m/fpv4-sp/hard/crt0.o
 .group         0x00000000        0xc Drivers/src/stm32f407xx_GPIO_driver.o
 .group         0x00000000        0xc Drivers/src/stm32f407xx_GPIO_driver.o
 .group         0x00000000        0xc Drivers/src/stm32f407xx_GPIO_driver.o
 .group         0x00000000        0xc Drivers/src/stm32f407xx_GPIO_driver.o
 .group         0x00000000        0xc Drivers/src/stm32f407xx_GPIO_driver.o
 .group         0x00000000        0xc Drivers/src/stm32f407xx_GPIO_driver.o
 .group         0x00000000        0xc Drivers/src/stm32f407xx_GPIO_driver.o
 .group         0x00000000        0xc Drivers/src/stm32f407xx_GPIO_driver.o
 .group         0x00000000        0xc Drivers/src/stm32f407xx_GPIO_driver.o
 .group         0x00000000        0xc Drivers/src/stm32f407xx_GPIO_driver.o
 .group         0x00000000        0xc Drivers/src/stm32f407xx_GPIO_driver.o
 .group         0x00000000        0xc Drivers/src/stm32f407xx_GPIO_driver.o
 .group         0x00000000        0xc Drivers/src/stm32f407xx_GPIO_driver.o
 .text          0x00000000        0x0 Drivers/src/stm32f407xx_GPIO_driver.o
 .data          0x00000000        0x0 Drivers/src/stm32f407xx_GPIO_driver.o
 .bss           0x00000000        0x0 Drivers/src/stm32f407xx_GPIO_driver.o
 .text.GPIO_DeInit
                0x00000000      0x16c Drivers/src/stm32f407xx_GPIO_driver.o
 .text.GPIO_ReadFromInputPort
                0x00000000       0x1c Drivers/src/stm32f407xx_GPIO_driver.o
 .text.GPIO_WriteIntoOutputPin
                0x00000000       0x4a Drivers/src/stm32f407xx_GPIO_driver.o
 .text.GPIO_WriteIntoOutputPort
                0x00000000       0x1e Drivers/src/stm32f407xx_GPIO_driver.o
 .text.GPIO_IRQInterruptConfig
                0x00000000      0x10c Drivers/src/stm32f407xx_GPIO_driver.o
 .text.GPIO_IRQPriorityConfig
                0x00000000       0x5c Drivers/src/stm32f407xx_GPIO_driver.o
 .text.GPIO_IRQHandling
                0x00000000       0x40 Drivers/src/stm32f407xx_GPIO_driver.o
 .group         0x00000000        0xc Drivers/src/stm32f407xx_I2C_driver.o
 .group         0x00000000        0xc Drivers/src/stm32f407xx_I2C_driver.o
 .group         0x00000000        0xc Drivers/src/stm32f407xx_I2C_driver.o
 .group         0x00000000        0xc Drivers/src/stm32f407xx_I2C_driver.o
 .group         0x00000000        0xc Drivers/src/stm32f407xx_I2C_driver.o
 .group         0x00000000        0xc Drivers/src/stm32f407xx_I2C_driver.o
 .group         0x00000000        0xc Drivers/src/stm32f407xx_I2C_driver.o
 .group         0x00000000        0xc Drivers/src/stm32f407xx_I2C_driver.o
 .group         0x00000000        0xc Drivers/src/stm32f407xx_I2C_driver.o
 .group         0x00000000        0xc Drivers/src/stm32f407xx_I2C_driver.o
 .group         0x00000000        0xc Drivers/src/stm32f407xx_I2C_driver.o
 .group         0x00000000        0xc Drivers/src/stm32f407xx_I2C_driver.o
 .group         0x00000000        0xc Drivers/src/stm32f407xx_I2C_driver.o
 .text          0x00000000        0x0 Drivers/src/stm32f407xx_I2C_driver.o
 .data          0x00000000       0x18 Drivers/src/stm32f407xx_I2C_driver.o
 .bss           0x00000000        0x0 Drivers/src/stm32f407xx_I2C_driver.o
 .text.I2C_GenerateStartCondition
                0x00000000       0x20 Drivers/src/stm32f407xx_I2C_driver.o
 .text.I2C_SendSlaveAddressWrite
                0x00000000       0x32 Drivers/src/stm32f407xx_I2C_driver.o
 .text.I2C_ClearADDRFlag
                0x00000000       0x20 Drivers/src/stm32f407xx_I2C_driver.o
 .text.I2C_GenerateStopCondition
                0x00000000       0x20 Drivers/src/stm32f407xx_I2C_driver.o
 .text.I2C_SendSlaveAddressRead
                0x00000000       0x32 Drivers/src/stm32f407xx_I2C_driver.o
 .text.I2C_ManageAcking
                0x00000000       0x38 Drivers/src/stm32f407xx_I2C_driver.o
 .text.RCC_GetPLLOutputClk
                0x00000000       0x10 Drivers/src/stm32f407xx_I2C_driver.o
 .text.RCC_GetAPB1Clock
                0x00000000       0xb4 Drivers/src/stm32f407xx_I2C_driver.o
 .text.I2C_PeriClockControl
                0x00000000       0xb0 Drivers/src/stm32f407xx_I2C_driver.o
 .text.I2C_Init
                0x00000000      0x118 Drivers/src/stm32f407xx_I2C_driver.o
 .text.I2C_DeInit
                0x00000000       0x88 Drivers/src/stm32f407xx_I2C_driver.o
 .text.I2C_GetFlagStatus
                0x00000000       0x28 Drivers/src/stm32f407xx_I2C_driver.o
 .text.I2C_MasterSendData
                0x00000000       0xce Drivers/src/stm32f407xx_I2C_driver.o
 .text.I2C_MasterReceiveData
                0x00000000      0x11a Drivers/src/stm32f407xx_I2C_driver.o
 .debug_info    0x00000000      0x69c Drivers/src/stm32f407xx_I2C_driver.o
 .debug_abbrev  0x00000000      0x1a0 Drivers/src/stm32f407xx_I2C_driver.o
 .debug_aranges
                0x00000000       0x88 Drivers/src/stm32f407xx_I2C_driver.o
 .debug_ranges  0x00000000       0x78 Drivers/src/stm32f407xx_I2C_driver.o
 .debug_macro   0x00000000       0xb7 Drivers/src/stm32f407xx_I2C_driver.o
 .debug_macro   0x00000000      0xa66 Drivers/src/stm32f407xx_I2C_driver.o
 .debug_macro   0x00000000      0x174 Drivers/src/stm32f407xx_I2C_driver.o
 .debug_macro   0x00000000       0x22 Drivers/src/stm32f407xx_I2C_driver.o
 .debug_macro   0x00000000       0x8e Drivers/src/stm32f407xx_I2C_driver.o
 .debug_macro   0x00000000       0x51 Drivers/src/stm32f407xx_I2C_driver.o
 .debug_macro   0x00000000       0xef Drivers/src/stm32f407xx_I2C_driver.o
 .debug_macro   0x00000000       0x6a Drivers/src/stm32f407xx_I2C_driver.o
 .debug_macro   0x00000000      0x1df Drivers/src/stm32f407xx_I2C_driver.o
 .debug_macro   0x00000000      0x72a Drivers/src/stm32f407xx_I2C_driver.o
 .debug_macro   0x00000000       0xc4 Drivers/src/stm32f407xx_I2C_driver.o
 .debug_macro   0x00000000       0xbe Drivers/src/stm32f407xx_I2C_driver.o
 .debug_macro   0x00000000       0xc4 Drivers/src/stm32f407xx_I2C_driver.o
 .debug_macro   0x00000000       0x76 Drivers/src/stm32f407xx_I2C_driver.o
 .debug_line    0x00000000      0x570 Drivers/src/stm32f407xx_I2C_driver.o
 .debug_str     0x00000000     0x70c7 Drivers/src/stm32f407xx_I2C_driver.o
 .comment       0x00000000       0x80 Drivers/src/stm32f407xx_I2C_driver.o
 .debug_frame   0x00000000      0x228 Drivers/src/stm32f407xx_I2C_driver.o
 .ARM.attributes
                0x00000000       0x39 Drivers/src/stm32f407xx_I2C_driver.o
 .group         0x00000000        0xc Drivers/src/stm32f407xx_SPI_driver.o
 .group         0x00000000        0xc Drivers/src/stm32f407xx_SPI_driver.o
 .group         0x00000000        0xc Drivers/src/stm32f407xx_SPI_driver.o
 .group         0x00000000        0xc Drivers/src/stm32f407xx_SPI_driver.o
 .group         0x00000000        0xc Drivers/src/stm32f407xx_SPI_driver.o
 .group         0x00000000        0xc Drivers/src/stm32f407xx_SPI_driver.o
 .group         0x00000000        0xc Drivers/src/stm32f407xx_SPI_driver.o
 .group         0x00000000        0xc Drivers/src/stm32f407xx_SPI_driver.o
 .group         0x00000000        0xc Drivers/src/stm32f407xx_SPI_driver.o
 .group         0x00000000        0xc Drivers/src/stm32f407xx_SPI_driver.o
 .group         0x00000000        0xc Drivers/src/stm32f407xx_SPI_driver.o
 .group         0x00000000        0xc Drivers/src/stm32f407xx_SPI_driver.o
 .group         0x00000000        0xc Drivers/src/stm32f407xx_SPI_driver.o
 .text          0x00000000        0x0 Drivers/src/stm32f407xx_SPI_driver.o
 .data          0x00000000        0x0 Drivers/src/stm32f407xx_SPI_driver.o
 .bss           0x00000000        0x0 Drivers/src/stm32f407xx_SPI_driver.o
 .text.SPI_PeriClockControl
                0x00000000       0xb0 Drivers/src/stm32f407xx_SPI_driver.o
 .text.SPI_Init
                0x00000000       0xb6 Drivers/src/stm32f407xx_SPI_driver.o
 .text.SPI_DeInit
                0x00000000       0x88 Drivers/src/stm32f407xx_SPI_driver.o
 .text.SPI_GetFlagStatus
                0x00000000       0x28 Drivers/src/stm32f407xx_SPI_driver.o
 .text.SPI_SendData
                0x00000000       0x6c Drivers/src/stm32f407xx_SPI_driver.o
 .text.SPI_ReceiveData
                0x00000000       0x6c Drivers/src/stm32f407xx_SPI_driver.o
 .text.SPI_SendData_IT
                0x00000000       0x48 Drivers/src/stm32f407xx_SPI_driver.o
 .text.SPI_ReceiveData_IT
                0x00000000       0x48 Drivers/src/stm32f407xx_SPI_driver.o
 .text.SPI_SSIConfig
                0x00000000       0x38 Drivers/src/stm32f407xx_SPI_driver.o
 .text.SPI_PeriphControl
                0x00000000       0x38 Drivers/src/stm32f407xx_SPI_driver.o
 .text.SPI_SSOEConfig
                0x00000000       0x38 Drivers/src/stm32f407xx_SPI_driver.o
 .text.SPI_IRQInterruptConfig
                0x00000000      0x10c Drivers/src/stm32f407xx_SPI_driver.o
 .text.SPI_IRQPriorityConfig
                0x00000000       0x5c Drivers/src/stm32f407xx_SPI_driver.o
 .text.SPI_IRQHandling
                0x00000000       0x9a Drivers/src/stm32f407xx_SPI_driver.o
 .text.SPI_TXE_Interrupt_Handle
                0x00000000       0x80 Drivers/src/stm32f407xx_SPI_driver.o
 .text.SPI_RXNE_Interrupt_Handle
                0x00000000       0x84 Drivers/src/stm32f407xx_SPI_driver.o
 .text.SPI_OVR_Interrupt_Handle
                0x00000000       0x30 Drivers/src/stm32f407xx_SPI_driver.o
 .text.SPI_CloseTransmission
                0x00000000       0x36 Drivers/src/stm32f407xx_SPI_driver.o
 .text.SPI_CloseReception
                0x00000000       0x36 Drivers/src/stm32f407xx_SPI_driver.o
 .text.SPI_ClearOVRFlag
                0x00000000       0x20 Drivers/src/stm32f407xx_SPI_driver.o
 .text.SPI_ApplicationEventCallBack
                0x00000000       0x18 Drivers/src/stm32f407xx_SPI_driver.o
 .debug_info    0x00000000      0x84e Drivers/src/stm32f407xx_SPI_driver.o
 .debug_abbrev  0x00000000      0x1b1 Drivers/src/stm32f407xx_SPI_driver.o
 .debug_aranges
                0x00000000       0xc0 Drivers/src/stm32f407xx_SPI_driver.o
 .debug_ranges  0x00000000       0xb0 Drivers/src/stm32f407xx_SPI_driver.o
 .debug_macro   0x00000000       0xb7 Drivers/src/stm32f407xx_SPI_driver.o
 .debug_macro   0x00000000      0xa66 Drivers/src/stm32f407xx_SPI_driver.o
 .debug_macro   0x00000000      0x174 Drivers/src/stm32f407xx_SPI_driver.o
 .debug_macro   0x00000000       0x22 Drivers/src/stm32f407xx_SPI_driver.o
 .debug_macro   0x00000000       0x8e Drivers/src/stm32f407xx_SPI_driver.o
 .debug_macro   0x00000000       0x51 Drivers/src/stm32f407xx_SPI_driver.o
 .debug_macro   0x00000000       0xef Drivers/src/stm32f407xx_SPI_driver.o
 .debug_macro   0x00000000       0x6a Drivers/src/stm32f407xx_SPI_driver.o
 .debug_macro   0x00000000      0x1df Drivers/src/stm32f407xx_SPI_driver.o
 .debug_macro   0x00000000      0x72a Drivers/src/stm32f407xx_SPI_driver.o
 .debug_macro   0x00000000       0xc4 Drivers/src/stm32f407xx_SPI_driver.o
 .debug_macro   0x00000000       0x7c Drivers/src/stm32f407xx_SPI_driver.o
 .debug_macro   0x00000000       0xc4 Drivers/src/stm32f407xx_SPI_driver.o
 .debug_macro   0x00000000       0xb8 Drivers/src/stm32f407xx_SPI_driver.o
 .debug_line    0x00000000      0x625 Drivers/src/stm32f407xx_SPI_driver.o
 .debug_str     0x00000000     0x716d Drivers/src/stm32f407xx_SPI_driver.o
 .comment       0x00000000       0x80 Drivers/src/stm32f407xx_SPI_driver.o
 .debug_frame   0x00000000      0x33c Drivers/src/stm32f407xx_SPI_driver.o
 .ARM.attributes
                0x00000000       0x39 Drivers/src/stm32f407xx_SPI_driver.o
 .group         0x00000000        0xc Drivers/src/stm32f407xx_USART_driver.o
 .group         0x00000000        0xc Drivers/src/stm32f407xx_USART_driver.o
 .group         0x00000000        0xc Drivers/src/stm32f407xx_USART_driver.o
 .group         0x00000000        0xc Drivers/src/stm32f407xx_USART_driver.o
 .group         0x00000000        0xc Drivers/src/stm32f407xx_USART_driver.o
 .group         0x00000000        0xc Drivers/src/stm32f407xx_USART_driver.o
 .group         0x00000000        0xc Drivers/src/stm32f407xx_USART_driver.o
 .group         0x00000000        0xc Drivers/src/stm32f407xx_USART_driver.o
 .group         0x00000000        0xc Drivers/src/stm32f407xx_USART_driver.o
 .group         0x00000000        0xc Drivers/src/stm32f407xx_USART_driver.o
 .group         0x00000000        0xc Drivers/src/stm32f407xx_USART_driver.o
 .group         0x00000000        0xc Drivers/src/stm32f407xx_USART_driver.o
 .group         0x00000000        0xc Drivers/src/stm32f407xx_USART_driver.o
 .text          0x00000000        0x0 Drivers/src/stm32f407xx_USART_driver.o
 .data          0x00000000        0x0 Drivers/src/stm32f407xx_USART_driver.o
 .bss           0x00000000        0x0 Drivers/src/stm32f407xx_USART_driver.o
 .text.USART_PeriClockControl
                0x00000000       0x88 Drivers/src/stm32f407xx_USART_driver.o
 .text.USART_Init
                0x00000000       0xee Drivers/src/stm32f407xx_USART_driver.o
 .text.USART_DeInit
                0x00000000       0x14 Drivers/src/stm32f407xx_USART_driver.o
 .text.USART_SendData
                0x00000000       0x9a Drivers/src/stm32f407xx_USART_driver.o
 .text.USART_ReceiveData
                0x00000000       0xae Drivers/src/stm32f407xx_USART_driver.o
 .text.USART_SendDataIT
                0x00000000       0x1a Drivers/src/stm32f407xx_USART_driver.o
 .text.USART_ReceiveDataIT
                0x00000000       0x1a Drivers/src/stm32f407xx_USART_driver.o
 .text.USART_IRQInterruptConfig
                0x00000000      0x10c Drivers/src/stm32f407xx_USART_driver.o
 .text.USART_IRQPriorityConfig
                0x00000000       0x54 Drivers/src/stm32f407xx_USART_driver.o
 .text.USART_IRQHandling
                0x00000000       0x14 Drivers/src/stm32f407xx_USART_driver.o
 .text.USART_PeripheralControl
                0x00000000       0x38 Drivers/src/stm32f407xx_USART_driver.o
 .text.USART_GetFlagStatus
                0x00000000       0x28 Drivers/src/stm32f407xx_USART_driver.o
 .text.USART_ClearFlag
                0x00000000       0x18 Drivers/src/stm32f407xx_USART_driver.o
 .text.USART_ApplicationEventCallback
                0x00000000       0x18 Drivers/src/stm32f407xx_USART_driver.o
 .debug_info    0x00000000      0x6b5 Drivers/src/stm32f407xx_USART_driver.o
 .debug_abbrev  0x00000000      0x1a6 Drivers/src/stm32f407xx_USART_driver.o
 .debug_aranges
                0x00000000       0x88 Drivers/src/stm32f407xx_USART_driver.o
 .debug_ranges  0x00000000       0x78 Drivers/src/stm32f407xx_USART_driver.o
 .debug_macro   0x00000000       0xb7 Drivers/src/stm32f407xx_USART_driver.o
 .debug_macro   0x00000000      0xa66 Drivers/src/stm32f407xx_USART_driver.o
 .debug_macro   0x00000000      0x174 Drivers/src/stm32f407xx_USART_driver.o
 .debug_macro   0x00000000       0x22 Drivers/src/stm32f407xx_USART_driver.o
 .debug_macro   0x00000000       0x8e Drivers/src/stm32f407xx_USART_driver.o
 .debug_macro   0x00000000       0x51 Drivers/src/stm32f407xx_USART_driver.o
 .debug_macro   0x00000000       0xef Drivers/src/stm32f407xx_USART_driver.o
 .debug_macro   0x00000000       0x6a Drivers/src/stm32f407xx_USART_driver.o
 .debug_macro   0x00000000      0x1df Drivers/src/stm32f407xx_USART_driver.o
 .debug_macro   0x00000000      0x72a Drivers/src/stm32f407xx_USART_driver.o
 .debug_macro   0x00000000       0xc4 Drivers/src/stm32f407xx_USART_driver.o
 .debug_macro   0x00000000       0xbe Drivers/src/stm32f407xx_USART_driver.o
 .debug_macro   0x00000000       0x7c Drivers/src/stm32f407xx_USART_driver.o
 .debug_macro   0x00000000       0xbe Drivers/src/stm32f407xx_USART_driver.o
 .debug_line    0x00000000      0x569 Drivers/src/stm32f407xx_USART_driver.o
 .debug_str     0x00000000     0x70df Drivers/src/stm32f407xx_USART_driver.o
 .comment       0x00000000       0x80 Drivers/src/stm32f407xx_USART_driver.o
 .debug_frame   0x00000000      0x234 Drivers/src/stm32f407xx_USART_driver.o
 .ARM.attributes
                0x00000000       0x39 Drivers/src/stm32f407xx_USART_driver.o
 .group         0x00000000        0xc src/02_Led_BTN_Toggle.o
 .group         0x00000000        0xc src/02_Led_BTN_Toggle.o
 .group         0x00000000        0xc src/02_Led_BTN_Toggle.o
 .group         0x00000000        0xc src/02_Led_BTN_Toggle.o
 .group         0x00000000        0xc src/02_Led_BTN_Toggle.o
 .group         0x00000000        0xc src/02_Led_BTN_Toggle.o
 .group         0x00000000        0xc src/02_Led_BTN_Toggle.o
 .group         0x00000000        0xc src/02_Led_BTN_Toggle.o
 .group         0x00000000        0xc src/02_Led_BTN_Toggle.o
 .group         0x00000000        0xc src/02_Led_BTN_Toggle.o
 .group         0x00000000        0xc src/02_Led_BTN_Toggle.o
 .group         0x00000000        0xc src/02_Led_BTN_Toggle.o
 .group         0x00000000        0xc src/02_Led_BTN_Toggle.o
 .text          0x00000000        0x0 src/02_Led_BTN_Toggle.o
 .data          0x00000000        0x0 src/02_Led_BTN_Toggle.o
 .bss           0x00000000        0x0 src/02_Led_BTN_Toggle.o
 .debug_macro   0x00000000      0xa66 src/02_Led_BTN_Toggle.o
 .debug_macro   0x00000000      0x174 src/02_Led_BTN_Toggle.o
 .debug_macro   0x00000000       0x22 src/02_Led_BTN_Toggle.o
 .debug_macro   0x00000000       0x8e src/02_Led_BTN_Toggle.o
 .debug_macro   0x00000000       0x51 src/02_Led_BTN_Toggle.o
 .debug_macro   0x00000000       0xef src/02_Led_BTN_Toggle.o
 .debug_macro   0x00000000       0x6a src/02_Led_BTN_Toggle.o
 .debug_macro   0x00000000      0x1df src/02_Led_BTN_Toggle.o
 .debug_macro   0x00000000      0x72a src/02_Led_BTN_Toggle.o
 .debug_macro   0x00000000       0xc4 src/02_Led_BTN_Toggle.o
 .debug_macro   0x00000000       0xbe src/02_Led_BTN_Toggle.o
 .debug_macro   0x00000000       0x7c src/02_Led_BTN_Toggle.o
 .debug_macro   0x00000000       0xc4 src/02_Led_BTN_Toggle.o
 .text          0x00000000       0x14 startup/startup_stm32.o
 .data          0x00000000        0x0 startup/startup_stm32.o
 .bss           0x00000000        0x0 startup/startup_stm32.o
 .group         0x00000000        0xc startup/sysmem.o
 .group         0x00000000        0xc startup/sysmem.o
 .group         0x00000000        0xc startup/sysmem.o
 .group         0x00000000        0xc startup/sysmem.o
 .group         0x00000000        0xc startup/sysmem.o
 .group         0x00000000        0xc startup/sysmem.o
 .group         0x00000000        0xc startup/sysmem.o
 .group         0x00000000        0xc startup/sysmem.o
 .group         0x00000000        0xc startup/sysmem.o
 .group         0x00000000        0xc startup/sysmem.o
 .group         0x00000000        0xc startup/sysmem.o
 .group         0x00000000        0xc startup/sysmem.o
 .group         0x00000000        0xc startup/sysmem.o
 .group         0x00000000        0xc startup/sysmem.o
 .group         0x00000000        0xc startup/sysmem.o
 .group         0x00000000        0xc startup/sysmem.o
 .group         0x00000000        0xc startup/sysmem.o
 .group         0x00000000        0xc startup/sysmem.o
 .group         0x00000000        0xc startup/sysmem.o
 .group         0x00000000        0xc startup/sysmem.o
 .group         0x00000000        0xc startup/sysmem.o
 .group         0x00000000        0xc startup/sysmem.o
 .group         0x00000000        0xc startup/sysmem.o
 .group         0x00000000        0xc startup/sysmem.o
 .group         0x00000000        0xc startup/sysmem.o
 .group         0x00000000        0xc startup/sysmem.o
 .group         0x00000000        0xc startup/sysmem.o
 .group         0x00000000        0xc startup/sysmem.o
 .group         0x00000000        0xc startup/sysmem.o
 .group         0x00000000        0xc startup/sysmem.o
 .group         0x00000000        0xc startup/sysmem.o
 .group         0x00000000        0xc startup/sysmem.o
 .text          0x00000000        0x0 startup/sysmem.o
 .data          0x00000000        0x0 startup/sysmem.o
 .bss           0x00000000        0x4 startup/sysmem.o
 .text._sbrk    0x00000000       0x58 startup/sysmem.o
 .debug_info    0x00000000      0x92c startup/sysmem.o
 .debug_abbrev  0x00000000      0x1f1 startup/sysmem.o
 .debug_aranges
                0x00000000       0x20 startup/sysmem.o
 .debug_ranges  0x00000000       0x10 startup/sysmem.o
 .debug_macro   0x00000000      0x1ae startup/sysmem.o
 .debug_macro   0x00000000      0xa66 startup/sysmem.o
 .debug_macro   0x00000000       0x10 startup/sysmem.o
 .debug_macro   0x00000000       0x22 startup/sysmem.o
 .debug_macro   0x00000000       0x58 startup/sysmem.o
 .debug_macro   0x00000000       0x18 startup/sysmem.o
 .debug_macro   0x00000000       0x94 startup/sysmem.o
 .debug_macro   0x00000000       0x35 startup/sysmem.o
 .debug_macro   0x00000000       0x34 startup/sysmem.o
 .debug_macro   0x00000000      0x174 startup/sysmem.o
 .debug_macro   0x00000000       0x57 startup/sysmem.o
 .debug_macro   0x00000000       0x58 startup/sysmem.o
 .debug_macro   0x00000000       0x1f startup/sysmem.o
 .debug_macro   0x00000000       0x43 startup/sysmem.o
 .debug_macro   0x00000000       0x20 startup/sysmem.o
 .debug_macro   0x00000000      0x18e startup/sysmem.o
 .debug_macro   0x00000000      0x23b startup/sysmem.o
 .debug_macro   0x00000000       0x16 startup/sysmem.o
 .debug_macro   0x00000000       0x35 startup/sysmem.o
 .debug_macro   0x00000000      0x330 startup/sysmem.o
 .debug_macro   0x00000000       0x10 startup/sysmem.o
 .debug_macro   0x00000000       0x10 startup/sysmem.o
 .debug_macro   0x00000000       0x6a startup/sysmem.o
 .debug_macro   0x00000000       0x1c startup/sysmem.o
 .debug_macro   0x00000000       0x52 startup/sysmem.o
 .debug_macro   0x00000000       0x40 startup/sysmem.o
 .debug_macro   0x00000000       0x10 startup/sysmem.o
 .debug_macro   0x00000000       0x40 startup/sysmem.o
 .debug_macro   0x00000000       0xd7 startup/sysmem.o
 .debug_macro   0x00000000       0x1c startup/sysmem.o
 .debug_macro   0x00000000       0x3d startup/sysmem.o
 .debug_macro   0x00000000       0x16 startup/sysmem.o
 .debug_macro   0x00000000      0x16f startup/sysmem.o
 .debug_line    0x00000000      0x3e6 startup/sysmem.o
 .debug_str     0x00000000     0x77da startup/sysmem.o
 .comment       0x00000000       0x80 startup/sysmem.o
 .debug_frame   0x00000000       0x34 startup/sysmem.o
 .ARM.attributes
                0x00000000       0x39 startup/sysmem.o
 .text          0x00000000        0x0 c:/ac6/systemworkbench/plugins/fr.ac6.mcu.externaltools.arm-none.win32_1.17.0.201812190825/tools/compiler/bin/../lib/gcc/arm-none-eabi/7.3.1/../../../../arm-none-eabi/lib/thumb/v7e-m/fpv4-sp/hard\libc.a(lib_a-errno.o)
 .data          0x00000000        0x0 c:/ac6/systemworkbench/plugins/fr.ac6.mcu.externaltools.arm-none.win32_1.17.0.201812190825/tools/compiler/bin/../lib/gcc/arm-none-eabi/7.3.1/../../../../arm-none-eabi/lib/thumb/v7e-m/fpv4-sp/hard\libc.a(lib_a-errno.o)
 .bss           0x00000000        0x0 c:/ac6/systemworkbench/plugins/fr.ac6.mcu.externaltools.arm-none.win32_1.17.0.201812190825/tools/compiler/bin/../lib/gcc/arm-none-eabi/7.3.1/../../../../arm-none-eabi/lib/thumb/v7e-m/fpv4-sp/hard\libc.a(lib_a-errno.o)
 .text.__errno  0x00000000        0xc c:/ac6/systemworkbench/plugins/fr.ac6.mcu.externaltools.arm-none.win32_1.17.0.201812190825/tools/compiler/bin/../lib/gcc/arm-none-eabi/7.3.1/../../../../arm-none-eabi/lib/thumb/v7e-m/fpv4-sp/hard\libc.a(lib_a-errno.o)
 .debug_frame   0x00000000       0x20 c:/ac6/systemworkbench/plugins/fr.ac6.mcu.externaltools.arm-none.win32_1.17.0.201812190825/tools/compiler/bin/../lib/gcc/arm-none-eabi/7.3.1/../../../../arm-none-eabi/lib/thumb/v7e-m/fpv4-sp/hard\libc.a(lib_a-errno.o)
 .ARM.attributes
                0x00000000       0x34 c:/ac6/systemworkbench/plugins/fr.ac6.mcu.externaltools.arm-none.win32_1.17.0.201812190825/tools/compiler/bin/../lib/gcc/arm-none-eabi/7.3.1/../../../../arm-none-eabi/lib/thumb/v7e-m/fpv4-sp/hard\libc.a(lib_a-errno.o)
 .text          0x00000000        0x0 c:/ac6/systemworkbench/plugins/fr.ac6.mcu.externaltools.arm-none.win32_1.17.0.201812190825/tools/compiler/bin/../lib/gcc/arm-none-eabi/7.3.1/../../../../arm-none-eabi/lib/thumb/v7e-m/fpv4-sp/hard\libc.a(lib_a-exit.o)
 .data          0x00000000        0x0 c:/ac6/systemworkbench/plugins/fr.ac6.mcu.externaltools.arm-none.win32_1.17.0.201812190825/tools/compiler/bin/../lib/gcc/arm-none-eabi/7.3.1/../../../../arm-none-eabi/lib/thumb/v7e-m/fpv4-sp/hard\libc.a(lib_a-exit.o)
 .bss           0x00000000        0x0 c:/ac6/systemworkbench/plugins/fr.ac6.mcu.externaltools.arm-none.win32_1.17.0.201812190825/tools/compiler/bin/../lib/gcc/arm-none-eabi/7.3.1/../../../../arm-none-eabi/lib/thumb/v7e-m/fpv4-sp/hard\libc.a(lib_a-exit.o)
 .text.exit     0x00000000       0x20 c:/ac6/systemworkbench/plugins/fr.ac6.mcu.externaltools.arm-none.win32_1.17.0.201812190825/tools/compiler/bin/../lib/gcc/arm-none-eabi/7.3.1/../../../../arm-none-eabi/lib/thumb/v7e-m/fpv4-sp/hard\libc.a(lib_a-exit.o)
 .debug_frame   0x00000000       0x28 c:/ac6/systemworkbench/plugins/fr.ac6.mcu.externaltools.arm-none.win32_1.17.0.201812190825/tools/compiler/bin/../lib/gcc/arm-none-eabi/7.3.1/../../../../arm-none-eabi/lib/thumb/v7e-m/fpv4-sp/hard\libc.a(lib_a-exit.o)
 .ARM.attributes
                0x00000000       0x34 c:/ac6/systemworkbench/plugins/fr.ac6.mcu.externaltools.arm-none.win32_1.17.0.201812190825/tools/compiler/bin/../lib/gcc/arm-none-eabi/7.3.1/../../../../arm-none-eabi/lib/thumb/v7e-m/fpv4-sp/hard\libc.a(lib_a-exit.o)
 .text          0x00000000        0x0 c:/ac6/systemworkbench/plugins/fr.ac6.mcu.externaltools.arm-none.win32_1.17.0.201812190825/tools/compiler/bin/../lib/gcc/arm-none-eabi/7.3.1/../../../../arm-none-eabi/lib/thumb/v7e-m/fpv4-sp/hard\libc.a(lib_a-impure.o)
 .data          0x00000000        0x0 c:/ac6/systemworkbench/plugins/fr.ac6.mcu.externaltools.arm-none.win32_1.17.0.201812190825/tools/compiler/bin/../lib/gcc/arm-none-eabi/7.3.1/../../../../arm-none-eabi/lib/thumb/v7e-m/fpv4-sp/hard\libc.a(lib_a-impure.o)
 .bss           0x00000000        0x0 c:/ac6/systemworkbench/plugins/fr.ac6.mcu.externaltools.arm-none.win32_1.17.0.201812190825/tools/compiler/bin/../lib/gcc/arm-none-eabi/7.3.1/../../../../arm-none-eabi/lib/thumb/v7e-m/fpv4-sp/hard\libc.a(lib_a-impure.o)
 .data._impure_ptr
                0x00000000        0x4 c:/ac6/systemworkbench/plugins/fr.ac6.mcu.externaltools.arm-none.win32_1.17.0.201812190825/tools/compiler/bin/../lib/gcc/arm-none-eabi/7.3.1/../../../../arm-none-eabi/lib/thumb/v7e-m/fpv4-sp/hard\libc.a(lib_a-impure.o)
 .text          0x00000000        0x0 c:/ac6/systemworkbench/plugins/fr.ac6.mcu.externaltools.arm-none.win32_1.17.0.201812190825/tools/compiler/bin/../lib/gcc/arm-none-eabi/7.3.1/../../../../arm-none-eabi/lib/thumb/v7e-m/fpv4-sp/hard\libc.a(lib_a-init.o)
 .data          0x00000000        0x0 c:/ac6/systemworkbench/plugins/fr.ac6.mcu.externaltools.arm-none.win32_1.17.0.201812190825/tools/compiler/bin/../lib/gcc/arm-none-eabi/7.3.1/../../../../arm-none-eabi/lib/thumb/v7e-m/fpv4-sp/hard\libc.a(lib_a-init.o)
 .bss           0x00000000        0x0 c:/ac6/systemworkbench/plugins/fr.ac6.mcu.externaltools.arm-none.win32_1.17.0.201812190825/tools/compiler/bin/../lib/gcc/arm-none-eabi/7.3.1/../../../../arm-none-eabi/lib/thumb/v7e-m/fpv4-sp/hard\libc.a(lib_a-init.o)
 .text          0x00000000        0x0 c:/ac6/systemworkbench/plugins/fr.ac6.mcu.externaltools.arm-none.win32_1.17.0.201812190825/tools/compiler/bin/../lib/gcc/arm-none-eabi/7.3.1/../../../../arm-none-eabi/lib/thumb/v7e-m/fpv4-sp/hard\libc.a(lib_a-memset.o)
 .data          0x00000000        0x0 c:/ac6/systemworkbench/plugins/fr.ac6.mcu.externaltools.arm-none.win32_1.17.0.201812190825/tools/compiler/bin/../lib/gcc/arm-none-eabi/7.3.1/../../../../arm-none-eabi/lib/thumb/v7e-m/fpv4-sp/hard\libc.a(lib_a-memset.o)
 .bss           0x00000000        0x0 c:/ac6/systemworkbench/plugins/fr.ac6.mcu.externaltools.arm-none.win32_1.17.0.201812190825/tools/compiler/bin/../lib/gcc/arm-none-eabi/7.3.1/../../../../arm-none-eabi/lib/thumb/v7e-m/fpv4-sp/hard\libc.a(lib_a-memset.o)
 .text.memset   0x00000000       0x94 c:/ac6/systemworkbench/plugins/fr.ac6.mcu.externaltools.arm-none.win32_1.17.0.201812190825/tools/compiler/bin/../lib/gcc/arm-none-eabi/7.3.1/../../../../arm-none-eabi/lib/thumb/v7e-m/fpv4-sp/hard\libc.a(lib_a-memset.o)
 .debug_frame   0x00000000       0x38 c:/ac6/systemworkbench/plugins/fr.ac6.mcu.externaltools.arm-none.win32_1.17.0.201812190825/tools/compiler/bin/../lib/gcc/arm-none-eabi/7.3.1/../../../../arm-none-eabi/lib/thumb/v7e-m/fpv4-sp/hard\libc.a(lib_a-memset.o)
 .ARM.attributes
                0x00000000       0x34 c:/ac6/systemworkbench/plugins/fr.ac6.mcu.externaltools.arm-none.win32_1.17.0.201812190825/tools/compiler/bin/../lib/gcc/arm-none-eabi/7.3.1/../../../../arm-none-eabi/lib/thumb/v7e-m/fpv4-sp/hard\libc.a(lib_a-memset.o)
 .text          0x00000000        0x0 c:/ac6/systemworkbench/plugins/fr.ac6.mcu.externaltools.arm-none.win32_1.17.0.201812190825/tools/compiler/bin/../lib/gcc/arm-none-eabi/7.3.1/../../../../arm-none-eabi/lib/thumb/v7e-m/fpv4-sp/hard\libc.a(lib_a-__call_atexit.o)
 .data          0x00000000        0x0 c:/ac6/systemworkbench/plugins/fr.ac6.mcu.externaltools.arm-none.win32_1.17.0.201812190825/tools/compiler/bin/../lib/gcc/arm-none-eabi/7.3.1/../../../../arm-none-eabi/lib/thumb/v7e-m/fpv4-sp/hard\libc.a(lib_a-__call_atexit.o)
 .bss           0x00000000        0x0 c:/ac6/systemworkbench/plugins/fr.ac6.mcu.externaltools.arm-none.win32_1.17.0.201812190825/tools/compiler/bin/../lib/gcc/arm-none-eabi/7.3.1/../../../../arm-none-eabi/lib/thumb/v7e-m/fpv4-sp/hard\libc.a(lib_a-__call_atexit.o)
 .text.__call_exitprocs
                0x00000000       0xe8 c:/ac6/systemworkbench/plugins/fr.ac6.mcu.externaltools.arm-none.win32_1.17.0.201812190825/tools/compiler/bin/../lib/gcc/arm-none-eabi/7.3.1/../../../../arm-none-eabi/lib/thumb/v7e-m/fpv4-sp/hard\libc.a(lib_a-__call_atexit.o)
 .text          0x00000000        0x0 c:/ac6/systemworkbench/plugins/fr.ac6.mcu.externaltools.arm-none.win32_1.17.0.201812190825/tools/compiler/bin/../lib/gcc/arm-none-eabi/7.3.1/../../../../arm-none-eabi/lib/thumb/v7e-m/fpv4-sp/hard\libc.a(lib_a-atexit.o)
 .data          0x00000000        0x0 c:/ac6/systemworkbench/plugins/fr.ac6.mcu.externaltools.arm-none.win32_1.17.0.201812190825/tools/compiler/bin/../lib/gcc/arm-none-eabi/7.3.1/../../../../arm-none-eabi/lib/thumb/v7e-m/fpv4-sp/hard\libc.a(lib_a-atexit.o)
 .bss           0x00000000        0x0 c:/ac6/systemworkbench/plugins/fr.ac6.mcu.externaltools.arm-none.win32_1.17.0.201812190825/tools/compiler/bin/../lib/gcc/arm-none-eabi/7.3.1/../../../../arm-none-eabi/lib/thumb/v7e-m/fpv4-sp/hard\libc.a(lib_a-atexit.o)
 .text          0x00000000        0x0 c:/ac6/systemworkbench/plugins/fr.ac6.mcu.externaltools.arm-none.win32_1.17.0.201812190825/tools/compiler/bin/../lib/gcc/arm-none-eabi/7.3.1/../../../../arm-none-eabi/lib/thumb/v7e-m/fpv4-sp/hard\libc.a(lib_a-fini.o)
 .data          0x00000000        0x0 c:/ac6/systemworkbench/plugins/fr.ac6.mcu.externaltools.arm-none.win32_1.17.0.201812190825/tools/compiler/bin/../lib/gcc/arm-none-eabi/7.3.1/../../../../arm-none-eabi/lib/thumb/v7e-m/fpv4-sp/hard\libc.a(lib_a-fini.o)
 .bss           0x00000000        0x0 c:/ac6/systemworkbench/plugins/fr.ac6.mcu.externaltools.arm-none.win32_1.17.0.201812190825/tools/compiler/bin/../lib/gcc/arm-none-eabi/7.3.1/../../../../arm-none-eabi/lib/thumb/v7e-m/fpv4-sp/hard\libc.a(lib_a-fini.o)
 .text          0x00000000        0x0 c:/ac6/systemworkbench/plugins/fr.ac6.mcu.externaltools.arm-none.win32_1.17.0.201812190825/tools/compiler/bin/../lib/gcc/arm-none-eabi/7.3.1/../../../../arm-none-eabi/lib/thumb/v7e-m/fpv4-sp/hard\libc.a(lib_a-lock.o)
 .data          0x00000000        0x0 c:/ac6/systemworkbench/plugins/fr.ac6.mcu.externaltools.arm-none.win32_1.17.0.201812190825/tools/compiler/bin/../lib/gcc/arm-none-eabi/7.3.1/../../../../arm-none-eabi/lib/thumb/v7e-m/fpv4-sp/hard\libc.a(lib_a-lock.o)
 .bss           0x00000000        0x0 c:/ac6/systemworkbench/plugins/fr.ac6.mcu.externaltools.arm-none.win32_1.17.0.201812190825/tools/compiler/bin/../lib/gcc/arm-none-eabi/7.3.1/../../../../arm-none-eabi/lib/thumb/v7e-m/fpv4-sp/hard\libc.a(lib_a-lock.o)
 .text.__retarget_lock_init
                0x00000000        0x4 c:/ac6/systemworkbench/plugins/fr.ac6.mcu.externaltools.arm-none.win32_1.17.0.201812190825/tools/compiler/bin/../lib/gcc/arm-none-eabi/7.3.1/../../../../arm-none-eabi/lib/thumb/v7e-m/fpv4-sp/hard\libc.a(lib_a-lock.o)
 .text.__retarget_lock_init_recursive
                0x00000000        0x4 c:/ac6/systemworkbench/plugins/fr.ac6.mcu.externaltools.arm-none.win32_1.17.0.201812190825/tools/compiler/bin/../lib/gcc/arm-none-eabi/7.3.1/../../../../arm-none-eabi/lib/thumb/v7e-m/fpv4-sp/hard\libc.a(lib_a-lock.o)
 .text.__retarget_lock_close
                0x00000000        0x4 c:/ac6/systemworkbench/plugins/fr.ac6.mcu.externaltools.arm-none.win32_1.17.0.201812190825/tools/compiler/bin/../lib/gcc/arm-none-eabi/7.3.1/../../../../arm-none-eabi/lib/thumb/v7e-m/fpv4-sp/hard\libc.a(lib_a-lock.o)
 .text.__retarget_lock_close_recursive
                0x00000000        0x4 c:/ac6/systemworkbench/plugins/fr.ac6.mcu.externaltools.arm-none.win32_1.17.0.201812190825/tools/compiler/bin/../lib/gcc/arm-none-eabi/7.3.1/../../../../arm-none-eabi/lib/thumb/v7e-m/fpv4-sp/hard\libc.a(lib_a-lock.o)
 .text.__retarget_lock_acquire
                0x00000000        0x4 c:/ac6/systemworkbench/plugins/fr.ac6.mcu.externaltools.arm-none.win32_1.17.0.201812190825/tools/compiler/bin/../lib/gcc/arm-none-eabi/7.3.1/../../../../arm-none-eabi/lib/thumb/v7e-m/fpv4-sp/hard\libc.a(lib_a-lock.o)
 .text.__retarget_lock_try_acquire
                0x00000000        0x4 c:/ac6/systemworkbench/plugins/fr.ac6.mcu.externaltools.arm-none.win32_1.17.0.201812190825/tools/compiler/bin/../lib/gcc/arm-none-eabi/7.3.1/../../../../arm-none-eabi/lib/thumb/v7e-m/fpv4-sp/hard\libc.a(lib_a-lock.o)
 .text.__retarget_lock_try_acquire_recursive
                0x00000000        0x4 c:/ac6/systemworkbench/plugins/fr.ac6.mcu.externaltools.arm-none.win32_1.17.0.201812190825/tools/compiler/bin/../lib/gcc/arm-none-eabi/7.3.1/../../../../arm-none-eabi/lib/thumb/v7e-m/fpv4-sp/hard\libc.a(lib_a-lock.o)
 .text.__retarget_lock_release
                0x00000000        0x4 c:/ac6/systemworkbench/plugins/fr.ac6.mcu.externaltools.arm-none.win32_1.17.0.201812190825/tools/compiler/bin/../lib/gcc/arm-none-eabi/7.3.1/../../../../arm-none-eabi/lib/thumb/v7e-m/fpv4-sp/hard\libc.a(lib_a-lock.o)
 .text          0x00000000        0x0 c:/ac6/systemworkbench/plugins/fr.ac6.mcu.externaltools.arm-none.win32_1.17.0.201812190825/tools/compiler/bin/../lib/gcc/arm-none-eabi/7.3.1/../../../../arm-none-eabi/lib/thumb/v7e-m/fpv4-sp/hard\libc.a(lib_a-__atexit.o)
 .data          0x00000000        0x0 c:/ac6/systemworkbench/plugins/fr.ac6.mcu.externaltools.arm-none.win32_1.17.0.201812190825/tools/compiler/bin/../lib/gcc/arm-none-eabi/7.3.1/../../../../arm-none-eabi/lib/thumb/v7e-m/fpv4-sp/hard\libc.a(lib_a-__atexit.o)
 .bss           0x00000000        0x0 c:/ac6/systemworkbench/plugins/fr.ac6.mcu.externaltools.arm-none.win32_1.17.0.201812190825/tools/compiler/bin/../lib/gcc/arm-none-eabi/7.3.1/../../../../arm-none-eabi/lib/thumb/v7e-m/fpv4-sp/hard\libc.a(lib_a-__atexit.o)
 .text          0x00000000        0x0 c:/ac6/systemworkbench/plugins/fr.ac6.mcu.externaltools.arm-none.win32_1.17.0.201812190825/tools/compiler/bin/../lib/gcc/arm-none-eabi/7.3.1/thumb/v7e-m/fpv4-sp/hard/crtend.o
 .data          0x00000000        0x0 c:/ac6/systemworkbench/plugins/fr.ac6.mcu.externaltools.arm-none.win32_1.17.0.201812190825/tools/compiler/bin/../lib/gcc/arm-none-eabi/7.3.1/thumb/v7e-m/fpv4-sp/hard/crtend.o
 .bss           0x00000000        0x0 c:/ac6/systemworkbench/plugins/fr.ac6.mcu.externaltools.arm-none.win32_1.17.0.201812190825/tools/compiler/bin/../lib/gcc/arm-none-eabi/7.3.1/thumb/v7e-m/fpv4-sp/hard/crtend.o
 .eh_frame      0x00000000        0x4 c:/ac6/systemworkbench/plugins/fr.ac6.mcu.externaltools.arm-none.win32_1.17.0.201812190825/tools/compiler/bin/../lib/gcc/arm-none-eabi/7.3.1/thumb/v7e-m/fpv4-sp/hard/crtend.o
 .ARM.attributes
                0x00000000       0x34 c:/ac6/systemworkbench/plugins/fr.ac6.mcu.externaltools.arm-none.win32_1.17.0.201812190825/tools/compiler/bin/../lib/gcc/arm-none-eabi/7.3.1/thumb/v7e-m/fpv4-sp/hard/crtend.o
 .text          0x00000000        0x0 c:/ac6/systemworkbench/plugins/fr.ac6.mcu.externaltools.arm-none.win32_1.17.0.201812190825/tools/compiler/bin/../lib/gcc/arm-none-eabi/7.3.1/thumb/v7e-m/fpv4-sp/hard/crtn.o
 .data          0x00000000        0x0 c:/ac6/systemworkbench/plugins/fr.ac6.mcu.externaltools.arm-none.win32_1.17.0.201812190825/tools/compiler/bin/../lib/gcc/arm-none-eabi/7.3.1/thumb/v7e-m/fpv4-sp/hard/crtn.o
 .bss           0x00000000        0x0 c:/ac6/systemworkbench/plugins/fr.ac6.mcu.externaltools.arm-none.win32_1.17.0.201812190825/tools/compiler/bin/../lib/gcc/arm-none-eabi/7.3.1/thumb/v7e-m/fpv4-sp/hard/crtn.o

Memory Configuration

Name             Origin             Length             Attributes
RAM              0x20000000         0x00020000         xrw
ROM              0x08000000         0x00100000         xr
*default*        0x00000000         0xffffffff

Linker script and memory map

LOAD c:/ac6/systemworkbench/plugins/fr.ac6.mcu.externaltools.arm-none.win32_1.17.0.201812190825/tools/compiler/bin/../lib/gcc/arm-none-eabi/7.3.1/thumb/v7e-m/fpv4-sp/hard/crti.o
LOAD c:/ac6/systemworkbench/plugins/fr.ac6.mcu.externaltools.arm-none.win32_1.17.0.201812190825/tools/compiler/bin/../lib/gcc/arm-none-eabi/7.3.1/thumb/v7e-m/fpv4-sp/hard/crtbegin.o
LOAD c:/ac6/systemworkbench/plugins/fr.ac6.mcu.externaltools.arm-none.win32_1.17.0.201812190825/tools/compiler/bin/../lib/gcc/arm-none-eabi/7.3.1/../../../../arm-none-eabi/lib/thumb/v7e-m/fpv4-sp/hard/crt0.o
LOAD Drivers/src/stm32f407xx_GPIO_driver.o
LOAD Drivers/src/stm32f407xx_I2C_driver.o
LOAD Drivers/src/stm32f407xx_SPI_driver.o
LOAD Drivers/src/stm32f407xx_USART_driver.o
LOAD src/02_Led_BTN_Toggle.o
LOAD startup/startup_stm32.o
LOAD startup/sysmem.o
LOAD c:/ac6/systemworkbench/plugins/fr.ac6.mcu.externaltools.arm-none.win32_1.17.0.201812190825/tools/compiler/bin/../lib/gcc/arm-none-eabi/7.3.1/../../../../arm-none-eabi/lib/thumb/v7e-m/fpv4-sp/hard\libm.a
START GROUP
LOAD c:/ac6/systemworkbench/plugins/fr.ac6.mcu.externaltools.arm-none.win32_1.17.0.201812190825/tools/compiler/bin/../lib/gcc/arm-none-eabi/7.3.1/thumb/v7e-m/fpv4-sp/hard\libgcc.a
LOAD c:/ac6/systemworkbench/plugins/fr.ac6.mcu.externaltools.arm-none.win32_1.17.0.201812190825/tools/compiler/bin/../lib/gcc/arm-none-eabi/7.3.1/../../../../arm-none-eabi/lib/thumb/v7e-m/fpv4-sp/hard\libc.a
END GROUP
LOAD c:/ac6/systemworkbench/plugins/fr.ac6.mcu.externaltools.arm-none.win32_1.17.0.201812190825/tools/compiler/bin/../lib/gcc/arm-none-eabi/7.3.1/thumb/v7e-m/fpv4-sp/hard/crtend.o
LOAD c:/ac6/systemworkbench/plugins/fr.ac6.mcu.externaltools.arm-none.win32_1.17.0.201812190825/tools/compiler/bin/../lib/gcc/arm-none-eabi/7.3.1/thumb/v7e-m/fpv4-sp/hard/crtn.o
                0x20020000                _estack = 0x20020000
                0x00000000                _Min_Heap_Size = 0x0
                0x00000400                _Min_Stack_Size = 0x400

.isr_vector     0x08000000      0x1a8
                0x08000000                . = ALIGN (0x4)
 *(.isr_vector)
 .isr_vector    0x08000000      0x1a8 startup/startup_stm32.o
                0x08000000                g_pfnVectors
                0x080001a8                . = ALIGN (0x4)

.text           0x080001a8      0x830
                0x080001a8                . = ALIGN (0x4)
 *(.text)
 .text          0x080001a8       0x40 c:/ac6/systemworkbench/plugins/fr.ac6.mcu.externaltools.arm-none.win32_1.17.0.201812190825/tools/compiler/bin/../lib/gcc/arm-none-eabi/7.3.1/thumb/v7e-m/fpv4-sp/hard/crtbegin.o
 *(.text*)
 .text.GPIO_PeriClockControl
                0x080001e8      0x1d0 Drivers/src/stm32f407xx_GPIO_driver.o
                0x080001e8                GPIO_PeriClockControl
 .text.GPIO_Init
                0x080003b8      0x354 Drivers/src/stm32f407xx_GPIO_driver.o
                0x080003b8                GPIO_Init
 .text.GPIO_ReadFromInputPin
                0x0800070c       0x2c Drivers/src/stm32f407xx_GPIO_driver.o
                0x0800070c                GPIO_ReadFromInputPin
 .text.GPIO_ToggleOutputpin
                0x08000738       0x2a Drivers/src/stm32f407xx_GPIO_driver.o
                0x08000738                GPIO_ToggleOutputpin
 *fill*         0x08000762        0x2 
 .text.delay    0x08000764       0x2c src/02_Led_BTN_Toggle.o
                0x08000764                delay
 .text.main     0x08000790       0x78 src/02_Led_BTN_Toggle.o
                0x08000790                main
 .text.Reset_Handler
                0x08000808       0x50 startup/startup_stm32.o
                0x08000808                Reset_Handler
 .text.Default_Handler
                0x08000858        0x2 startup/startup_stm32.o
                0x08000858                RTC_Alarm_IRQHandler
                0x08000858                HASH_RNG_IRQHandler
                0x08000858                EXTI2_IRQHandler
                0x08000858                TIM8_CC_IRQHandler
                0x08000858                DebugMon_Handler
                0x08000858                TIM1_CC_IRQHandler
                0x08000858                DMA2_Stream5_IRQHandler
                0x08000858                HardFault_Handler
                0x08000858                DMA1_Stream5_IRQHandler
                0x08000858                SysTick_Handler
                0x08000858                PVD_IRQHandler
                0x08000858                SDIO_IRQHandler
                0x08000858                TAMP_STAMP_IRQHandler
                0x08000858                PendSV_Handler
                0x08000858                NMI_Handler
                0x08000858                CAN2_RX1_IRQHandler
                0x08000858                EXTI3_IRQHandler
                0x08000858                TIM8_TRG_COM_TIM14_IRQHandler
                0x08000858                TIM1_UP_TIM10_IRQHandler
                0x08000858                TIM8_UP_TIM13_IRQHandler
                0x08000858                I2C3_ER_IRQHandler
                0x08000858                LCD_TFT_IRQHandler
                0x08000858                EXTI0_IRQHandler
                0x08000858                I2C2_EV_IRQHandler
                0x08000858                DMA1_Stream2_IRQHandler
                0x08000858                CAN1_RX0_IRQHandler
                0x08000858                FPU_IRQHandler
                0x08000858                OTG_HS_WKUP_IRQHandler
                0x08000858                UsageFault_Handler
                0x08000858                CAN2_SCE_IRQHandler
                0x08000858                DMA2_Stream2_IRQHandler
                0x08000858                SPI1_IRQHandler
                0x08000858                TIM6_DAC_IRQHandler
                0x08000858                TIM1_BRK_TIM9_IRQHandler
                0x08000858                DCMI_IRQHandler
                0x08000858                CAN2_RX0_IRQHandler
                0x08000858                DMA2_Stream3_IRQHandler
                0x08000858                USART6_IRQHandler
                0x08000858                USART3_IRQHandler
                0x08000858                CRYP_IRQHandler
                0x08000858                CAN1_RX1_IRQHandler
                0x08000858                UART5_IRQHandler
                0x08000858                DMA2_Stream0_IRQHandler
                0x08000858                TIM4_IRQHandler
                0x08000858                I2C1_EV_IRQHandler
                0x08000858                DMA1_Stream6_IRQHandler
                0x08000858                DMA1_Stream1_IRQHandler
                0x08000858                UART4_IRQHandler
                0x08000858                LCD_TFT_1_IRQHandler
                0x08000858                TIM3_IRQHandler
                0x08000858                RCC_IRQHandler
                0x08000858                TIM8_BRK_TIM12_IRQHandler
                0x08000858                Default_Handler
                0x08000858                EXTI15_10_IRQHandler
                0x08000858                ADC_IRQHandler
                0x08000858                DMA1_Stream7_IRQHandler
                0x08000858                TIM7_IRQHandler
                0x08000858                CAN2_TX_IRQHandler
                0x08000858                TIM5_IRQHandler
                0x08000858                DMA2_Stream7_IRQHandler
                0x08000858                I2C3_EV_IRQHandler
                0x08000858                EXTI9_5_IRQHandler
                0x08000858                RTC_WKUP_IRQHandler
                0x08000858                ETH_WKUP_IRQHandler
                0x08000858                SPI2_IRQHandler
                0x08000858                OTG_HS_EP1_IN_IRQHandler
                0x08000858                MemManage_Handler
                0x08000858                DMA1_Stream0_IRQHandler
                0x08000858                CAN1_TX_IRQHandler
                0x08000858                SVC_Handler
                0x08000858                EXTI4_IRQHandler
                0x08000858                FSMC_IRQHandler
                0x08000858                ETH_IRQHandler
                0x08000858                OTG_HS_EP1_OUT_IRQHandler
                0x08000858                WWDG_IRQHandler
                0x08000858                TIM2_IRQHandler
                0x08000858                OTG_FS_WKUP_IRQHandler
                0x08000858                TIM1_TRG_COM_TIM11_IRQHandler
                0x08000858                OTG_HS_IRQHandler
                0x08000858                EXTI1_IRQHandler
                0x08000858                USART2_IRQHandler
                0x08000858                I2C2_ER_IRQHandler
                0x08000858                DMA2_Stream1_IRQHandler
                0x08000858                CAN1_SCE_IRQHandler
                0x08000858                DMA2_Stream4_IRQHandler
                0x08000858                BusFault_Handler
                0x08000858                USART1_IRQHandler
                0x08000858                OTG_FS_IRQHandler
                0x08000858                SPI3_IRQHandler
                0x08000858                DMA1_Stream4_IRQHandler
                0x08000858                I2C1_ER_IRQHandler
                0x08000858                DMA2_Stream6_IRQHandler
                0x08000858                DMA1_Stream3_IRQHandler
 *fill*         0x0800085a        0x2 
 .text.__libc_init_array
                0x0800085c       0x48 c:/ac6/systemworkbench/plugins/fr.ac6.mcu.externaltools.arm-none.win32_1.17.0.201812190825/tools/compiler/bin/../lib/gcc/arm-none-eabi/7.3.1/../../../../arm-none-eabi/lib/thumb/v7e-m/fpv4-sp/hard\libc.a(lib_a-init.o)
                0x0800085c                __libc_init_array
 .text.startup.register_fini
                0x080008a4       0x14 c:/ac6/systemworkbench/plugins/fr.ac6.mcu.externaltools.arm-none.win32_1.17.0.201812190825/tools/compiler/bin/../lib/gcc/arm-none-eabi/7.3.1/../../../../arm-none-eabi/lib/thumb/v7e-m/fpv4-sp/hard\libc.a(lib_a-__call_atexit.o)
 .text.atexit   0x080008b8        0xc c:/ac6/systemworkbench/plugins/fr.ac6.mcu.externaltools.arm-none.win32_1.17.0.201812190825/tools/compiler/bin/../lib/gcc/arm-none-eabi/7.3.1/../../../../arm-none-eabi/lib/thumb/v7e-m/fpv4-sp/hard\libc.a(lib_a-atexit.o)
                0x080008b8                atexit
 .text.__libc_fini_array
                0x080008c4       0x34 c:/ac6/systemworkbench/plugins/fr.ac6.mcu.externaltools.arm-none.win32_1.17.0.201812190825/tools/compiler/bin/../lib/gcc/arm-none-eabi/7.3.1/../../../../arm-none-eabi/lib/thumb/v7e-m/fpv4-sp/hard\libc.a(lib_a-fini.o)
                0x080008c4                __libc_fini_array
 .text.__retarget_lock_acquire_recursive
                0x080008f8        0x4 c:/ac6/systemworkbench/plugins/fr.ac6.mcu.externaltools.arm-none.win32_1.17.0.201812190825/tools/compiler/bin/../lib/gcc/arm-none-eabi/7.3.1/../../../../arm-none-eabi/lib/thumb/v7e-m/fpv4-sp/hard\libc.a(lib_a-lock.o)
                0x080008f8                __retarget_lock_acquire_recursive
 .text.__retarget_lock_release_recursive
                0x080008fc        0x4 c:/ac6/systemworkbench/plugins/fr.ac6.mcu.externaltools.arm-none.win32_1.17.0.201812190825/tools/compiler/bin/../lib/gcc/arm-none-eabi/7.3.1/../../../../arm-none-eabi/lib/thumb/v7e-m/fpv4-sp/hard\libc.a(lib_a-lock.o)
                0x080008fc                __retarget_lock_release_recursive
 .text.__register_exitproc
                0x08000900       0xc0 c:/ac6/systemworkbench/plugins/fr.ac6.mcu.externaltools.arm-none.win32_1.17.0.201812190825/tools/compiler/bin/../lib/gcc/arm-none-eabi/7.3.1/../../../../arm-none-eabi/lib/thumb/v7e-m/fpv4-sp/hard\libc.a(lib_a-__atexit.o)
                0x08000900                __register_exitproc
 *(.glue_7)
 .glue_7        0x080009c0        0x0 linker stubs
 *(.glue_7t)
 .glue_7t       0x080009c0        0x0 linker stubs
 *(.eh_frame)
 .eh_frame      0x080009c0        0x0 c:/ac6/systemworkbench/plugins/fr.ac6.mcu.externaltools.arm-none.win32_1.17.0.201812190825/tools/compiler/bin/../lib/gcc/arm-none-eabi/7.3.1/thumb/v7e-m/fpv4-sp/hard/crtbegin.o
 *(.init)
 .init          0x080009c0        0x4 c:/ac6/systemworkbench/plugins/fr.ac6.mcu.externaltools.arm-none.win32_1.17.0.201812190825/tools/compiler/bin/../lib/gcc/arm-none-eabi/7.3.1/thumb/v7e-m/fpv4-sp/hard/crti.o
                0x080009c0                _init
 .init          0x080009c4        0x8 c:/ac6/systemworkbench/plugins/fr.ac6.mcu.externaltools.arm-none.win32_1.17.0.201812190825/tools/compiler/bin/../lib/gcc/arm-none-eabi/7.3.1/thumb/v7e-m/fpv4-sp/hard/crtn.o
 *(.fini)
 .fini          0x080009cc        0x4 c:/ac6/systemworkbench/plugins/fr.ac6.mcu.externaltools.arm-none.win32_1.17.0.201812190825/tools/compiler/bin/../lib/gcc/arm-none-eabi/7.3.1/thumb/v7e-m/fpv4-sp/hard/crti.o
                0x080009cc                _fini
 .fini          0x080009d0        0x8 c:/ac6/systemworkbench/plugins/fr.ac6.mcu.externaltools.arm-none.win32_1.17.0.201812190825/tools/compiler/bin/../lib/gcc/arm-none-eabi/7.3.1/thumb/v7e-m/fpv4-sp/hard/crtn.o
                0x080009d8                . = ALIGN (0x4)
                0x080009d8                _etext = .

.vfp11_veneer   0x080009d8        0x0
 .vfp11_veneer  0x080009d8        0x0 linker stubs

.v4_bx          0x080009d8        0x0
 .v4_bx         0x080009d8        0x0 linker stubs

.iplt           0x080009d8        0x0
 .iplt          0x080009d8        0x0 c:/ac6/systemworkbench/plugins/fr.ac6.mcu.externaltools.arm-none.win32_1.17.0.201812190825/tools/compiler/bin/../lib/gcc/arm-none-eabi/7.3.1/thumb/v7e-m/fpv4-sp/hard/crtbegin.o

.rodata         0x080009d8        0x4
                0x080009d8                . = ALIGN (0x4)
 *(.rodata)
 *(.rodata*)
 .rodata._global_impure_ptr
                0x080009d8        0x4 c:/ac6/systemworkbench/plugins/fr.ac6.mcu.externaltools.arm-none.win32_1.17.0.201812190825/tools/compiler/bin/../lib/gcc/arm-none-eabi/7.3.1/../../../../arm-none-eabi/lib/thumb/v7e-m/fpv4-sp/hard\libc.a(lib_a-impure.o)
                0x080009d8                _global_impure_ptr
                0x080009dc                . = ALIGN (0x4)

.rel.dyn        0x080009dc        0x0
 .rel.iplt      0x080009dc        0x0 c:/ac6/systemworkbench/plugins/fr.ac6.mcu.externaltools.arm-none.win32_1.17.0.201812190825/tools/compiler/bin/../lib/gcc/arm-none-eabi/7.3.1/thumb/v7e-m/fpv4-sp/hard/crtbegin.o

.ARM.extab      0x080009dc        0x0
                0x080009dc                . = ALIGN (0x4)
 *(.ARM.extab* .gnu.linkonce.armextab.*)
                0x080009dc                . = ALIGN (0x4)

.ARM            0x080009dc        0x0
                0x080009dc                . = ALIGN (0x4)
                0x080009dc                __exidx_start = .
 *(.ARM.exidx*)
                0x080009dc                __exidx_end = .
                0x080009dc                . = ALIGN (0x4)

.preinit_array  0x080009dc        0x0
                0x080009dc                . = ALIGN (0x4)
                0x080009dc                PROVIDE (__preinit_array_start = .)
 *(.preinit_array*)
                0x080009dc                PROVIDE (__preinit_array_end = .)
                0x080009dc                . = ALIGN (0x4)

.init_array     0x080009dc        0x8
                0x080009dc                . = ALIGN (0x4)
                0x080009dc                PROVIDE (__init_array_start = .)
 *(SORT_BY_NAME(.init_array.*))
 .init_array.00000
                0x080009dc        0x4 c:/ac6/systemworkbench/plugins/fr.ac6.mcu.externaltools.arm-none.win32_1.17.0.201812190825/tools/compiler/bin/../lib/gcc/arm-none-eabi/7.3.1/../../../../arm-none-eabi/lib/thumb/v7e-m/fpv4-sp/hard\libc.a(lib_a-__call_atexit.o)
 *(.init_array*)
 .init_array    0x080009e0        0x4 c:/ac6/systemworkbench/plugins/fr.ac6.mcu.externaltools.arm-none.win32_1.17.0.201812190825/tools/compiler/bin/../lib/gcc/arm-none-eabi/7.3.1/thumb/v7e-m/fpv4-sp/hard/crtbegin.o
                0x080009e4                PROVIDE (__init_array_end = .)
                0x080009e4                . = ALIGN (0x4)

.fini_array     0x080009e4        0x4
                0x080009e4                . = ALIGN (0x4)
                0x080009e4                PROVIDE (__fini_array_start = .)
 *(SORT_BY_NAME(.fini_array.*))
 *(.fini_array*)
 .fini_array    0x080009e4        0x4 c:/ac6/systemworkbench/plugins/fr.ac6.mcu.externaltools.arm-none.win32_1.17.0.201812190825/tools/compiler/bin/../lib/gcc/arm-none-eabi/7.3.1/thumb/v7e-m/fpv4-sp/hard/crtbegin.o
                0x080009e8                PROVIDE (__fini_array_end = .)
                0x080009e8                . = ALIGN (0x4)
                0x080009e8                _sidata = LOADADDR (.data)

.data           0x20000000      0x42c load address 0x080009e8
                0x20000000                . = ALIGN (0x4)
                0x20000000                _sdata = .
 *(.data)
 *(.data*)
 .data.impure_data
                0x20000000      0x428 c:/ac6/systemworkbench/plugins/fr.ac6.mcu.externaltools.arm-none.win32_1.17.0.201812190825/tools/compiler/bin/../lib/gcc/arm-none-eabi/7.3.1/../../../../arm-none-eabi/lib/thumb/v7e-m/fpv4-sp/hard\libc.a(lib_a-impure.o)
 .data.__atexit_recursive_mutex
                0x20000428        0x4 c:/ac6/systemworkbench/plugins/fr.ac6.mcu.externaltools.arm-none.win32_1.17.0.201812190825/tools/compiler/bin/../lib/gcc/arm-none-eabi/7.3.1/../../../../arm-none-eabi/lib/thumb/v7e-m/fpv4-sp/hard\libc.a(lib_a-__call_atexit.o)
                0x20000428                __atexit_recursive_mutex
                0x2000042c                . = ALIGN (0x4)
                0x2000042c                _edata = .

.igot.plt       0x2000042c        0x0 load address 0x08000e14
 .igot.plt      0x2000042c        0x0 c:/ac6/systemworkbench/plugins/fr.ac6.mcu.externaltools.arm-none.win32_1.17.0.201812190825/tools/compiler/bin/../lib/gcc/arm-none-eabi/7.3.1/thumb/v7e-m/fpv4-sp/hard/crtbegin.o
                0x2000042c                . = ALIGN (0x4)

.bss            0x2000042c       0x40 load address 0x08000e14
                0x2000042c                _sbss = .
                0x2000042c                __bss_start__ = _sbss
 *(.bss)
 .bss           0x2000042c       0x1c c:/ac6/systemworkbench/plugins/fr.ac6.mcu.externaltools.arm-none.win32_1.17.0.201812190825/tools/compiler/bin/../lib/gcc/arm-none-eabi/7.3.1/thumb/v7e-m/fpv4-sp/hard/crtbegin.o
 *(.bss*)
 *(COMMON)
 COMMON         0x20000448       0x21 c:/ac6/systemworkbench/plugins/fr.ac6.mcu.externaltools.arm-none.win32_1.17.0.201812190825/tools/compiler/bin/../lib/gcc/arm-none-eabi/7.3.1/../../../../arm-none-eabi/lib/thumb/v7e-m/fpv4-sp/hard\libc.a(lib_a-lock.o)
                0x20000448                __lock___atexit_recursive_mutex
                0x2000044c                __lock___arc4random_mutex
                0x20000450                __lock___env_recursive_mutex
                0x20000454                __lock___sinit_recursive_mutex
                0x20000458                __lock___malloc_recursive_mutex
                0x2000045c                __lock___at_quick_exit_mutex
                0x20000460                __lock___dd_hash_mutex
                0x20000464                __lock___tz_mutex
                0x20000468                __lock___sfp_recursive_mutex
                0x2000046c                . = ALIGN (0x4)
 *fill*         0x20000469        0x3 
                0x2000046c                _ebss = .
                0x2000046c                __bss_end__ = _ebss

._user_heap_stack
                0x2000046c      0x404 load address 0x08000e14
                0x20000470                . = ALIGN (0x8)
 *fill*         0x2000046c        0x4 
                0x20000470                PROVIDE (end = .)
                [!provide]                PROVIDE (_end = .)
                0x20000470                . = (. + _Min_Heap_Size)
                0x20000870                . = (. + _Min_Stack_Size)
 *fill*         0x20000470      0x400 
                0x20000870                . = ALIGN (0x8)

/DISCARD/
 libc.a(*)
 libm.a(*)
 libgcc.a(*)

.ARM.attributes
                0x00000000       0x30
 *(.ARM.attributes)
 .ARM.attributes
                0x00000000       0x22 c:/ac6/systemworkbench/plugins/fr.ac6.mcu.externaltools.arm-none.win32_1.17.0.201812190825/tools/compiler/bin/../lib/gcc/arm-none-eabi/7.3.1/thumb/v7e-m/fpv4-sp/hard/crti.o
 .ARM.attributes
                0x00000022       0x34 c:/ac6/systemworkbench/plugins/fr.ac6.mcu.externaltools.arm-none.win32_1.17.0.201812190825/tools/compiler/bin/../lib/gcc/arm-none-eabi/7.3.1/thumb/v7e-m/fpv4-sp/hard/crtbegin.o
 .ARM.attributes
                0x00000056       0x39 Drivers/src/stm32f407xx_GPIO_driver.o
 .ARM.attributes
                0x0000008f       0x39 src/02_Led_BTN_Toggle.o
 .ARM.attributes
                0x000000c8       0x21 startup/startup_stm32.o
 .ARM.attributes
                0x000000e9       0x34 c:/ac6/systemworkbench/plugins/fr.ac6.mcu.externaltools.arm-none.win32_1.17.0.201812190825/tools/compiler/bin/../lib/gcc/arm-none-eabi/7.3.1/../../../../arm-none-eabi/lib/thumb/v7e-m/fpv4-sp/hard\libc.a(lib_a-impure.o)
 .ARM.attributes
                0x0000011d       0x34 c:/ac6/systemworkbench/plugins/fr.ac6.mcu.externaltools.arm-none.win32_1.17.0.201812190825/tools/compiler/bin/../lib/gcc/arm-none-eabi/7.3.1/../../../../arm-none-eabi/lib/thumb/v7e-m/fpv4-sp/hard\libc.a(lib_a-init.o)
 .ARM.attributes
                0x00000151       0x34 c:/ac6/systemworkbench/plugins/fr.ac6.mcu.externaltools.arm-none.win32_1.17.0.201812190825/tools/compiler/bin/../lib/gcc/arm-none-eabi/7.3.1/../../../../arm-none-eabi/lib/thumb/v7e-m/fpv4-sp/hard\libc.a(lib_a-__call_atexit.o)
 .ARM.attributes
                0x00000185       0x34 c:/ac6/systemworkbench/plugins/fr.ac6.mcu.externaltools.arm-none.win32_1.17.0.201812190825/tools/compiler/bin/../lib/gcc/arm-none-eabi/7.3.1/../../../../arm-none-eabi/lib/thumb/v7e-m/fpv4-sp/hard\libc.a(lib_a-atexit.o)
 .ARM.attributes
                0x000001b9       0x34 c:/ac6/systemworkbench/plugins/fr.ac6.mcu.externaltools.arm-none.win32_1.17.0.201812190825/tools/compiler/bin/../lib/gcc/arm-none-eabi/7.3.1/../../../../arm-none-eabi/lib/thumb/v7e-m/fpv4-sp/hard\libc.a(lib_a-fini.o)
 .ARM.attributes
                0x000001ed       0x34 c:/ac6/systemworkbench/plugins/fr.ac6.mcu.externaltools.arm-none.win32_1.17.0.201812190825/tools/compiler/bin/../lib/gcc/arm-none-eabi/7.3.1/../../../../arm-none-eabi/lib/thumb/v7e-m/fpv4-sp/hard\libc.a(lib_a-lock.o)
 .ARM.attributes
                0x00000221       0x34 c:/ac6/systemworkbench/plugins/fr.ac6.mcu.externaltools.arm-none.win32_1.17.0.201812190825/tools/compiler/bin/../lib/gcc/arm-none-eabi/7.3.1/../../../../arm-none-eabi/lib/thumb/v7e-m/fpv4-sp/hard\libc.a(lib_a-__atexit.o)
 .ARM.attributes
                0x00000255       0x22 c:/ac6/systemworkbench/plugins/fr.ac6.mcu.externaltools.arm-none.win32_1.17.0.201812190825/tools/compiler/bin/../lib/gcc/arm-none-eabi/7.3.1/thumb/v7e-m/fpv4-sp/hard/crtn.o
OUTPUT(stm32f4xx_drivers.elf elf32-littlearm)

.debug_info     0x00000000      0x963
 .debug_info    0x00000000      0x718 Drivers/src/stm32f407xx_GPIO_driver.o
 .debug_info    0x00000718      0x229 src/02_Led_BTN_Toggle.o
 .debug_info    0x00000941       0x22 startup/startup_stm32.o

.debug_abbrev   0x00000000      0x249
 .debug_abbrev  0x00000000      0x159 Drivers/src/stm32f407xx_GPIO_driver.o
 .debug_abbrev  0x00000159       0xde src/02_Led_BTN_Toggle.o
 .debug_abbrev  0x00000237       0x12 startup/startup_stm32.o

.debug_aranges  0x00000000       0xc0
 .debug_aranges
                0x00000000       0x70 Drivers/src/stm32f407xx_GPIO_driver.o
 .debug_aranges
                0x00000070       0x28 src/02_Led_BTN_Toggle.o
 .debug_aranges
                0x00000098       0x28 startup/startup_stm32.o

.debug_ranges   0x00000000       0x98
 .debug_ranges  0x00000000       0x60 Drivers/src/stm32f407xx_GPIO_driver.o
 .debug_ranges  0x00000060       0x18 src/02_Led_BTN_Toggle.o
 .debug_ranges  0x00000078       0x20 startup/startup_stm32.o

.debug_macro    0x00000000     0x1b69
 .debug_macro   0x00000000       0xb7 Drivers/src/stm32f407xx_GPIO_driver.o
 .debug_macro   0x000000b7      0xa66 Drivers/src/stm32f407xx_GPIO_driver.o
 .debug_macro   0x00000b1d      0x174 Drivers/src/stm32f407xx_GPIO_driver.o
 .debug_macro   0x00000c91       0x22 Drivers/src/stm32f407xx_GPIO_driver.o
 .debug_macro   0x00000cb3       0x8e Drivers/src/stm32f407xx_GPIO_driver.o
 .debug_macro   0x00000d41       0x51 Drivers/src/stm32f407xx_GPIO_driver.o
 .debug_macro   0x00000d92       0xef Drivers/src/stm32f407xx_GPIO_driver.o
 .debug_macro   0x00000e81       0x6a Drivers/src/stm32f407xx_GPIO_driver.o
 .debug_macro   0x00000eeb      0x1df Drivers/src/stm32f407xx_GPIO_driver.o
 .debug_macro   0x000010ca      0x72a Drivers/src/stm32f407xx_GPIO_driver.o
 .debug_macro   0x000017f4       0xb8 Drivers/src/stm32f407xx_GPIO_driver.o
 .debug_macro   0x000018ac       0x7c Drivers/src/stm32f407xx_GPIO_driver.o
 .debug_macro   0x00001928       0xc4 Drivers/src/stm32f407xx_GPIO_driver.o
 .debug_macro   0x000019ec       0xc4 Drivers/src/stm32f407xx_GPIO_driver.o
 .debug_macro   0x00001ab0       0xb9 src/02_Led_BTN_Toggle.o

.debug_line     0x00000000      0xa62
 .debug_line    0x00000000      0x600 Drivers/src/stm32f407xx_GPIO_driver.o
 .debug_line    0x00000600      0x3e6 src/02_Led_BTN_Toggle.o
 .debug_line    0x000009e6       0x7c startup/startup_stm32.o

.debug_str      0x00000000     0x6f6b
 .debug_str     0x00000000     0x6eef Drivers/src/stm32f407xx_GPIO_driver.o
                               0x70f5 (size before relaxing)
 .debug_str     0x00006eef       0x53 src/02_Led_BTN_Toggle.o
                               0x6e68 (size before relaxing)
 .debug_str     0x00006f42       0x29 startup/startup_stm32.o
                                 0x7c (size before relaxing)

.comment        0x00000000       0x7f
 .comment       0x00000000       0x7f Drivers/src/stm32f407xx_GPIO_driver.o
                                 0x80 (size before relaxing)
 .comment       0x0000007f       0x80 src/02_Led_BTN_Toggle.o

.debug_frame    0x00000000      0x3e0
 .debug_frame   0x00000000      0x1c8 Drivers/src/stm32f407xx_GPIO_driver.o
 .debug_frame   0x000001c8       0x58 src/02_Led_BTN_Toggle.o
 .debug_frame   0x00000220       0x2c c:/ac6/systemworkbench/plugins/fr.ac6.mcu.externaltools.arm-none.win32_1.17.0.201812190825/tools/compiler/bin/../lib/gcc/arm-none-eabi/7.3.1/../../../../arm-none-eabi/lib/thumb/v7e-m/fpv4-sp/hard\libc.a(lib_a-init.o)
 .debug_frame   0x0000024c       0x5c c:/ac6/systemworkbench/plugins/fr.ac6.mcu.externaltools.arm-none.win32_1.17.0.201812190825/tools/compiler/bin/../lib/gcc/arm-none-eabi/7.3.1/../../../../arm-none-eabi/lib/thumb/v7e-m/fpv4-sp/hard\libc.a(lib_a-__call_atexit.o)
 .debug_frame   0x000002a8       0x20 c:/ac6/systemworkbench/plugins/fr.ac6.mcu.externaltools.arm-none.win32_1.17.0.201812190825/tools/compiler/bin/../lib/gcc/arm-none-eabi/7.3.1/../../../../arm-none-eabi/lib/thumb/v7e-m/fpv4-sp/hard\libc.a(lib_a-atexit.o)
 .debug_frame   0x000002c8       0x34 c:/ac6/systemworkbench/plugins/fr.ac6.mcu.externaltools.arm-none.win32_1.17.0.201812190825/tools/compiler/bin/../lib/gcc/arm-none-eabi/7.3.1/../../../../arm-none-eabi/lib/thumb/v7e-m/fpv4-sp/hard\libc.a(lib_a-fini.o)
 .debug_frame   0x000002fc       0xb0 c:/ac6/systemworkbench/plugins/fr.ac6.mcu.externaltools.arm-none.win32_1.17.0.201812190825/tools/compiler/bin/../lib/gcc/arm-none-eabi/7.3.1/../../../../arm-none-eabi/lib/thumb/v7e-m/fpv4-sp/hard\libc.a(lib_a-lock.o)
 .debug_frame   0x000003ac       0x34 c:/ac6/systemworkbench/plugins/fr.ac6.mcu.externaltools.arm-none.win32_1.17.0.201812190825/tools/compiler/bin/../lib/gcc/arm-none-eabi/7.3.1/../../../../arm-none-eabi/lib/thumb/v7e-m/fpv4-sp/hard\libc.a(lib_a-__atexit.o)
